Archive member included because of file (symbol)

/Users/patdag/workspace/lpcxpresso_4088_3/lpc_board_ea_devkit_4088/Debug/liblpc_board_ea_devkit_4088.a(board.o)
                              ./src/main.o (Board_LED_Set)
/Users/patdag/workspace/lpcxpresso_4088_3/lpc_board_ea_devkit_4088/Debug/liblpc_board_ea_devkit_4088.a(board_sysinit.o)
                              ./src/sysinit.o (Board_SystemInit)
/Users/patdag/workspace/lpcxpresso_4088_3/lpc_board_ea_devkit_4088/Debug/liblpc_board_ea_devkit_4088.a(uda1380.o)
                              /Users/patdag/workspace/lpcxpresso_4088_3/lpc_board_ea_devkit_4088/Debug/liblpc_board_ea_devkit_4088.a(board.o) (UDA1380_Init)
/Users/patdag/workspace/lpcxpresso_4088_3/lpc_chip_40xx/Debug/liblpc_chip_40xx.a(chip_17xx_40xx.o)
                              ./src/main.o (SystemCoreClockUpdate)
/Users/patdag/workspace/lpcxpresso_4088_3/lpc_chip_40xx/Debug/liblpc_chip_40xx.a(clock_17xx_40xx.o)
                              /Users/patdag/workspace/lpcxpresso_4088_3/lpc_chip_40xx/Debug/liblpc_chip_40xx.a(chip_17xx_40xx.o) (Chip_Clock_SetupPLL)
/Users/patdag/workspace/lpcxpresso_4088_3/lpc_chip_40xx/Debug/liblpc_chip_40xx.a(emc_17xx_40xx.o)
                              /Users/patdag/workspace/lpcxpresso_4088_3/lpc_board_ea_devkit_4088/Debug/liblpc_board_ea_devkit_4088.a(board_sysinit.o) (Chip_EMC_Dynamic_Init)
/Users/patdag/workspace/lpcxpresso_4088_3/lpc_chip_40xx/Debug/liblpc_chip_40xx.a(fpu_init.o)
                              ./src/sysinit.o (fpuInit)
/Users/patdag/workspace/lpcxpresso_4088_3/lpc_chip_40xx/Debug/liblpc_chip_40xx.a(i2c_17xx_40xx.o)
                              ./src/main.o (Chip_I2C_EventHandler)
/Users/patdag/workspace/lpcxpresso_4088_3/lpc_chip_40xx/Debug/liblpc_chip_40xx.a(i2s_17xx_40xx.o)
                              /Users/patdag/workspace/lpcxpresso_4088_3/lpc_board_ea_devkit_4088/Debug/liblpc_board_ea_devkit_4088.a(board.o) (Chip_I2S_Init)
/Users/patdag/workspace/lpcxpresso_4088_3/lpc_chip_40xx/Debug/liblpc_chip_40xx.a(iocon_17xx_40xx.o)
                              /Users/patdag/workspace/lpcxpresso_4088_3/lpc_board_ea_devkit_4088/Debug/liblpc_board_ea_devkit_4088.a(board_sysinit.o) (Chip_IOCON_SetPinMuxing)
/Users/patdag/workspace/lpcxpresso_4088_3/lpc_chip_40xx/Debug/liblpc_chip_40xx.a(ssp_17xx_40xx.o)
                              /Users/patdag/workspace/lpcxpresso_4088_3/lpc_board_ea_devkit_4088/Debug/liblpc_board_ea_devkit_4088.a(board.o) (Chip_SSP_WriteFrames_Blocking)
/Users/patdag/workspace/lpcxpresso_4088_3/lpc_chip_40xx/Debug/liblpc_chip_40xx.a(sysctl_17xx_40xx.o)
                              /Users/patdag/workspace/lpcxpresso_4088_3/lpc_board_ea_devkit_4088/Debug/liblpc_board_ea_devkit_4088.a(board_sysinit.o) (Chip_SYSCTL_PeriphReset)
/Users/patdag/workspace/lpcxpresso_4088_3/lpc_chip_40xx/Debug/liblpc_chip_40xx.a(sysinit_17xx_40xx.o)
                              /Users/patdag/workspace/lpcxpresso_4088_3/lpc_board_ea_devkit_4088/Debug/liblpc_board_ea_devkit_4088.a(board_sysinit.o) (Chip_SetupXtalClocking)
/Users/patdag/workspace/lpcxpresso_4088_3/lpc_chip_40xx/Debug/liblpc_chip_40xx.a(uart_17xx_40xx.o)
                              /Users/patdag/workspace/lpcxpresso_4088_3/lpc_board_ea_devkit_4088/Debug/liblpc_board_ea_devkit_4088.a(board.o) (Chip_UART_TXEnable)
/Users/patdag/workspace/lpcxpresso_4088_3/lpc_chip_40xx/Debug/liblpc_chip_40xx.a(ring_buffer.o)
                              /Users/patdag/workspace/lpcxpresso_4088_3/lpc_chip_40xx/Debug/liblpc_chip_40xx.a(uart_17xx_40xx.o) (RingBuffer_Insert)
/Applications/lpcxpresso_7.4.0_229/lpcxpresso/tools/bin/../lib/gcc/arm-none-eabi/4.8.4/armv7e-m/libgcc.a(_aeabi_uldivmod.o)
                              /Users/patdag/workspace/lpcxpresso_4088_3/lpc_chip_40xx/Debug/liblpc_chip_40xx.a(i2s_17xx_40xx.o) (__aeabi_uldivmod)
/Applications/lpcxpresso_7.4.0_229/lpcxpresso/tools/bin/../lib/gcc/arm-none-eabi/4.8.4/armv7e-m/libgcc.a(bpabi.o)
                              /Applications/lpcxpresso_7.4.0_229/lpcxpresso/tools/bin/../lib/gcc/arm-none-eabi/4.8.4/armv7e-m/libgcc.a(_aeabi_uldivmod.o) (__gnu_uldivmod_helper)
/Applications/lpcxpresso_7.4.0_229/lpcxpresso/tools/bin/../lib/gcc/arm-none-eabi/4.8.4/armv7e-m/libgcc.a(_dvmd_tls.o)
                              /Applications/lpcxpresso_7.4.0_229/lpcxpresso/tools/bin/../lib/gcc/arm-none-eabi/4.8.4/armv7e-m/libgcc.a(_aeabi_uldivmod.o) (__aeabi_ldiv0)
/Applications/lpcxpresso_7.4.0_229/lpcxpresso/tools/bin/../lib/gcc/arm-none-eabi/4.8.4/armv7e-m/libgcc.a(_divdi3.o)
                              /Applications/lpcxpresso_7.4.0_229/lpcxpresso/tools/bin/../lib/gcc/arm-none-eabi/4.8.4/armv7e-m/libgcc.a(bpabi.o) (__divdi3)
/Applications/lpcxpresso_7.4.0_229/lpcxpresso/tools/bin/../lib/gcc/arm-none-eabi/4.8.4/armv7e-m/libgcc.a(_udivdi3.o)
                              /Applications/lpcxpresso_7.4.0_229/lpcxpresso/tools/bin/../lib/gcc/arm-none-eabi/4.8.4/armv7e-m/libgcc.a(bpabi.o) (__udivdi3)
[...]
Memory Configuration

Name             Origin             Length             Attributes
MFlash512        0x0000000000000000 0x0000000000080000 xr
RamLoc64         0x0000000010000000 0x0000000000010000 xrw
RamPeriph32      0x0000000020000000 0x0000000000008000 xrw
*default*        0x0000000000000000 0xffffffffffffffff

Linker script and memory map

LOAD ./src/LSM303.o
LOAD ./src/cr_cpp_config.o
LOAD ./src/cr_startup_lpc407x_8x.o
LOAD ./src/crp.o
LOAD ./src/main.o
LOAD ./src/sysinit.o
LOAD /Users/patdag/workspace/lpcxpresso_4088_3/lpc_board_ea_devkit_4088/Debug/liblpc_board_ea_devkit_4088.a
LOAD /Users/patdag/workspace/lpcxpresso_4088_3/lpc_chip_40xx/Debug/liblpc_chip_40xx.a
START GROUP
LOAD /Applications/lpcxpresso_7.4.0_229/lpcxpresso/tools/bin/../lib/gcc/arm-none-eabi/4.8.4/armv7e-m/libgcc.a
LOAD /Applications/lpcxpresso_7.4.0_229/lpcxpresso/tools/bin/../lib/gcc/arm-none-eabi/4.8.4/../../../../arm-none-eabi/lib/armv7e-m/libc.a
LOAD /Applications/lpcxpresso_7.4.0_229/lpcxpresso/tools/bin/../lib/gcc/arm-none-eabi/4.8.4/../../../../arm-none-eabi/lib/armv7e-m/libstdc++.a
LOAD /Applications/lpcxpresso_7.4.0_229/lpcxpresso/tools/bin/../lib/gcc/arm-none-eabi/4.8.4/../../../../arm-none-eabi/lib/armv7e-m/libm.a
LOAD /Applications/lpcxpresso_7.4.0_229/lpcxpresso/tools/bin/../lib/gcc/arm-none-eabi/4.8.4/../../../../arm-none-eabi/lib/armv7e-m/libcr_newlib_nohost.a
LOAD /Applications/lpcxpresso_7.4.0_229/lpcxpresso/tools/bin/../lib/gcc/arm-none-eabi/4.8.4/armv7e-m/crti.o
LOAD /Applications/lpcxpresso_7.4.0_229/lpcxpresso/tools/bin/../lib/gcc/arm-none-eabi/4.8.4/armv7e-m/crtn.o
LOAD /Applications/lpcxpresso_7.4.0_229/lpcxpresso/tools/bin/../lib/gcc/arm-none-eabi/4.8.4/armv7e-m/crtbegin.o
LOAD /Applications/lpcxpresso_7.4.0_229/lpcxpresso/tools/bin/../lib/gcc/arm-none-eabi/4.8.4/armv7e-m/crtend.o
END GROUP
                0x0000000000080000                __top_MFlash512 = 0x80000
                0x0000000010010000                __top_RamLoc64 = 0x10010000
                0x0000000020008000                __top_RamPeriph32 = 0x20008000

.text           0x0000000000000000     0x6848
 FILL mask 0xff
                0x0000000000000000                __vectors_start__ = ABSOLUTE (.)
 *(.isr_vector)
 .isr_vector    0x0000000000000000       0xe4 ./src/cr_startup_lpc407x_8x.o
                0x0000000000000000                g_pfnVectors
                0x00000000000000e4                . = ALIGN (0x4)
                0x00000000000000e4                __section_table_start = .
                0x00000000000000e4                __data_section_table = .
                0x00000000000000e4        0x4 LONG 0x6850 LOADADDR (.data)
                0x00000000000000e8        0x4 LONG 0x10000000 ADDR (.data)
                0x00000000000000ec        0x4 LONG 0x8f4 SIZEOF (.data)
                0x00000000000000f0        0x4 LONG 0x6850 LOADADDR (.data_RAM2)
                0x00000000000000f4        0x4 LONG 0x20000000 ADDR (.data_RAM2)
                0x00000000000000f8        0x4 LONG 0x0 SIZEOF (.data_RAM2)
                0x00000000000000fc                __data_section_table_end = .
                0x00000000000000fc                __bss_section_table = .
                0x00000000000000fc        0x4 LONG 0x100008f4 ADDR (.bss)
                0x0000000000000100        0x4 LONG 0x60 SIZEOF (.bss)
                0x0000000000000104        0x4 LONG 0x20000000 ADDR (.bss_RAM2)
                0x0000000000000108        0x4 LONG 0x0 SIZEOF (.bss_RAM2)
                0x000000000000010c                __bss_section_table_end = .
                0x000000000000010c                __section_table_end = .
 *(.after_vectors*)
 .after_vectors
                0x000000000000010c       0xc4 ./src/cr_startup_lpc407x_8x.o
                0x000000000000010c                NMI_Handler
                0x0000000000000110                HardFault_Handler
                0x0000000000000114                MemManage_Handler
                0x0000000000000118                BusFault_Handler
                0x000000000000011c                UsageFault_Handler
                0x0000000000000120                SVC_Handler
                0x0000000000000124                DebugMon_Handler
                0x0000000000000128                PendSV_Handler
                0x000000000000012c                SysTick_Handler
                0x0000000000000130                UART1_IRQHandler
                0x0000000000000130                EINT3_IRQHandler
                0x0000000000000130                CANActivity_IRQHandler
                0x0000000000000130                TIMER3_IRQHandler
                0x0000000000000130                UART0_IRQHandler
                0x0000000000000130                IntDefaultHandler
                0x0000000000000130                PLL0_IRQHandler
                0x0000000000000130                CAN_IRQHandler
                0x0000000000000130                PLL1_IRQHandler
                0x0000000000000130                SSP0_IRQHandler
                0x0000000000000130                I2S_IRQHandler
                0x0000000000000130                I2C2_IRQHandler
                0x0000000000000130                RTC_IRQHandler
                0x0000000000000130                TIMER0_IRQHandler
                0x0000000000000130                SPI_IRQHandler
                0x0000000000000130                LCD_IRQHandler
                0x0000000000000130                EINT1_IRQHandler
                0x0000000000000130                TIMER1_IRQHandler
                0x0000000000000130                UART2_IRQHandler
                0x0000000000000130                UART4_IRQHandler
                0x0000000000000130                ADC_IRQHandler
                0x0000000000000130                SSP1_IRQHandler
                0x0000000000000130                USB_IRQHandler
                0x0000000000000130                BOD_IRQHandler
                0x0000000000000130                WDT_IRQHandler
                0x0000000000000130                MCPWM_IRQHandler
                0x0000000000000130                TIMER2_IRQHandler
                0x0000000000000130                RIT_IRQHandler
                0x0000000000000130                I2C0_IRQHandler
                0x0000000000000130                USBActivity_IRQHandler
                0x0000000000000130                PWM1_IRQHandler
                0x0000000000000130                SDIO_IRQHandler
                0x0000000000000130                I2C1_IRQHandler
                0x0000000000000130                EINT2_IRQHandler
                0x0000000000000130                DMA_IRQHandler
                0x0000000000000130                UART3_IRQHandler
                0x0000000000000130                GPIO_IRQHandler
                0x0000000000000130                QEI_IRQHandler
                0x0000000000000130                EINT0_IRQHandler
                0x0000000000000130                ETH_IRQHandler
                0x0000000000000130                PWM0_IRQHandler
                0x0000000000000130                SSP2_IRQHandler
                0x0000000000000130                EEPROM_IRQHandler
                0x0000000000000134                data_init(unsigned int, unsigned int, unsigned int)
                0x0000000000000150                bss_init(unsigned int, unsigned int)
                0x0000000000000164                ResetISR
                0x00000000000002fc                . = 0x2fc
 *fill*         0x00000000000001d0      0x12c ff
                0x00000000000002fc                PROVIDE (__CRP_WORD_START__, .)
 *(.crp)
 .crp           0x00000000000002fc        0x4 ./src/crp.o
                0x00000000000002fc                CRP_WORD
                0x0000000000000300                PROVIDE (__CRP_WORD_END__, .)
                0x0000000000000001                ASSERT (! ((__CRP_WORD_START__ == __CRP_WORD_END__)), Linker CRP Enabled, but no CRP_WORD provided within application)
 *(.text*)
 .text._ZN6LSM3038read_regEh
                0x0000000000000300       0x20 ./src/LSM303.o
                0x0000000000000300                LSM303::read_reg(unsigned char)
 .text._ZN6LSM30320read_temperature_rawEv
                0x0000000000000320       0x34 ./src/LSM303.o
                0x0000000000000320                LSM303::read_temperature_raw()
 .text._ZN6LSM30313detect_deviceEv
                0x0000000000000354       0x30 ./src/LSM303.o
                0x0000000000000354                LSM303::detect_device()
 .text._ZN6LSM3034initE6I2C_ID
                0x0000000000000384        0xc ./src/LSM303.o
                0x0000000000000384                LSM303::init(I2C_ID)
 .text.main     0x0000000000000390       0x7c ./src/main.o
                0x0000000000000390                main
 .text.SystemInit
                0x000000000000040c       0x1c ./src/sysinit.o
                0x000000000000040c                SystemInit
 .text.Board_LED_Init
                0x0000000000000428       0x30 /Users/patdag/workspace/lpcxpresso_4088_3/lpc_board_ea_devkit_4088/Debug/liblpc_board_ea_devkit_4088.a(board.o)
 .text.Board_UART_Init
                0x0000000000000458       0x30 /Users/patdag/workspace/lpcxpresso_4088_3/lpc_board_ea_devkit_4088/Debug/liblpc_board_ea_devkit_4088.a(board.o)
                0x0000000000000458                Board_UART_Init
 .text.Board_Debug_Init
                0x0000000000000488       0x2c /Users/patdag/workspace/lpcxpresso_4088_3/lpc_board_ea_devkit_4088/Debug/liblpc_board_ea_devkit_4088.a(board.o)
                0x0000000000000488                Board_Debug_Init
 .text.Board_LED_Set
                0x00000000000004b4       0x48 /Users/patdag/workspace/lpcxpresso_4088_3/lpc_board_ea_devkit_4088/Debug/liblpc_board_ea_devkit_4088.a(board.o)
                0x00000000000004b4                Board_LED_Set
 .text.Board_Init
                0x00000000000004fc       0x18 /Users/patdag/workspace/lpcxpresso_4088_3/lpc_board_ea_devkit_4088/Debug/liblpc_board_ea_devkit_4088.a(board.o)
                0x00000000000004fc                Board_Init
 .text.Board_I2C_Init
                0x0000000000000514       0x3c /Users/patdag/workspace/lpcxpresso_4088_3/lpc_board_ea_devkit_4088/Debug/liblpc_board_ea_devkit_4088.a(board.o)
                0x0000000000000514                Board_I2C_Init
 .text.Board_SetupMuxing
                0x0000000000000550       0x64 /Users/patdag/workspace/lpcxpresso_4088_3/lpc_board_ea_devkit_4088/Debug/liblpc_board_ea_devkit_4088.a(board_sysinit.o)
                0x0000000000000550                Board_SetupMuxing
 .text.Board_SetupClocking
                0x00000000000005b4       0x20 /Users/patdag/workspace/lpcxpresso_4088_3/lpc_board_ea_devkit_4088/Debug/liblpc_board_ea_devkit_4088.a(board_sysinit.o)
                0x00000000000005b4                Board_SetupClocking
 .text.Board_SetupExtMemory
                0x00000000000005d4       0x50 /Users/patdag/workspace/lpcxpresso_4088_3/lpc_board_ea_devkit_4088/Debug/liblpc_board_ea_devkit_4088.a(board_sysinit.o)
                0x00000000000005d4                Board_SetupExtMemory
 .text.Board_SystemInit
                0x0000000000000624       0x10 /Users/patdag/workspace/lpcxpresso_4088_3/lpc_board_ea_devkit_4088/Debug/liblpc_board_ea_devkit_4088.a(board_sysinit.o)
                0x0000000000000624                Board_SystemInit
 .text.SystemCoreClockUpdate
                0x0000000000000634       0x10 /Users/patdag/workspace/lpcxpresso_4088_3/lpc_chip_40xx/Debug/liblpc_chip_40xx.a(chip_17xx_40xx.o)
                0x0000000000000634                SystemCoreClockUpdate
 .text.Chip_Clock_EnablePLL
                0x0000000000000644       0x28 /Users/patdag/workspace/lpcxpresso_4088_3/lpc_chip_40xx/Debug/liblpc_chip_40xx.a(clock_17xx_40xx.o)
                0x0000000000000644                Chip_Clock_EnablePLL
 .text.Chip_Clock_DisablePLL
                0x000000000000066c       0x2c /Users/patdag/workspace/lpcxpresso_4088_3/lpc_chip_40xx/Debug/liblpc_chip_40xx.a(clock_17xx_40xx.o)
                0x000000000000066c                Chip_Clock_DisablePLL
 .text.Chip_Clock_SetupPLL
                0x0000000000000698       0x2c /Users/patdag/workspace/lpcxpresso_4088_3/lpc_chip_40xx/Debug/liblpc_chip_40xx.a(clock_17xx_40xx.o)
                0x0000000000000698                Chip_Clock_SetupPLL
 .text.Chip_Clock_EnablePeriphClock
                0x00000000000006c4       0x34 /Users/patdag/workspace/lpcxpresso_4088_3/lpc_chip_40xx/Debug/liblpc_chip_40xx.a(clock_17xx_40xx.o)
                0x00000000000006c4                Chip_Clock_EnablePeriphClock
 .text.Chip_Clock_SetCPUClockSource
                0x00000000000006f8       0x28 /Users/patdag/workspace/lpcxpresso_4088_3/lpc_chip_40xx/Debug/liblpc_chip_40xx.a(clock_17xx_40xx.o)
                0x00000000000006f8                Chip_Clock_SetCPUClockSource
 .text.Chip_Clock_GetCPUClockSource
                0x0000000000000720       0x18 /Users/patdag/workspace/lpcxpresso_4088_3/lpc_chip_40xx/Debug/liblpc_chip_40xx.a(clock_17xx_40xx.o)
                0x0000000000000720                Chip_Clock_GetCPUClockSource
 .text.Chip_Clock_SetCPUClockDiv
                0x0000000000000738       0x18 /Users/patdag/workspace/lpcxpresso_4088_3/lpc_chip_40xx/Debug/liblpc_chip_40xx.a(clock_17xx_40xx.o)
                0x0000000000000738                Chip_Clock_SetCPUClockDiv
 .text.Chip_Clock_GetCPUClockDiv
                0x0000000000000750       0x10 /Users/patdag/workspace/lpcxpresso_4088_3/lpc_chip_40xx/Debug/liblpc_chip_40xx.a(clock_17xx_40xx.o)
                0x0000000000000750                Chip_Clock_GetCPUClockDiv
 .text.Chip_Clock_GetSYSCLKRate
                0x0000000000000760       0x2c /Users/patdag/workspace/lpcxpresso_4088_3/lpc_chip_40xx/Debug/liblpc_chip_40xx.a(clock_17xx_40xx.o)
                0x0000000000000760                Chip_Clock_GetSYSCLKRate
 .text.Chip_Clock_GetMainPLLOutClockRate
                0x000000000000078c       0x2c /Users/patdag/workspace/lpcxpresso_4088_3/lpc_chip_40xx/Debug/liblpc_chip_40xx.a(clock_17xx_40xx.o)
                0x000000000000078c                Chip_Clock_GetMainPLLOutClockRate
 .text.Chip_Clock_GetMainClockRate
                0x00000000000007b8       0x1c /Users/patdag/workspace/lpcxpresso_4088_3/lpc_chip_40xx/Debug/liblpc_chip_40xx.a(clock_17xx_40xx.o)
                0x00000000000007b8                Chip_Clock_GetMainClockRate
 .text.Chip_Clock_GetSystemClockRate
                0x00000000000007d4       0x14 /Users/patdag/workspace/lpcxpresso_4088_3/lpc_chip_40xx/Debug/liblpc_chip_40xx.a(clock_17xx_40xx.o)
                0x00000000000007d4                Chip_Clock_GetSystemClockRate
 .text.Chip_Clock_SetSPIFIClockSource
                0x00000000000007e8       0x18 /Users/patdag/workspace/lpcxpresso_4088_3/lpc_chip_40xx/Debug/liblpc_chip_40xx.a(clock_17xx_40xx.o)
                0x00000000000007e8                Chip_Clock_SetSPIFIClockSource
 .text.Chip_Clock_SetSPIFIClockDiv
                0x0000000000000800       0x18 /Users/patdag/workspace/lpcxpresso_4088_3/lpc_chip_40xx/Debug/liblpc_chip_40xx.a(clock_17xx_40xx.o)
                0x0000000000000800                Chip_Clock_SetSPIFIClockDiv
 .text.Chip_Clock_GetPeripheralClockRate
                0x0000000000000818       0x20 /Users/patdag/workspace/lpcxpresso_4088_3/lpc_chip_40xx/Debug/liblpc_chip_40xx.a(clock_17xx_40xx.o)
                0x0000000000000818                Chip_Clock_GetPeripheralClockRate
 .text.convertTimmingParam
                0x0000000000000838       0x3c /Users/patdag/workspace/lpcxpresso_4088_3/lpc_chip_40xx/Debug/liblpc_chip_40xx.a(emc_17xx_40xx.o)
 .text.getColsLen
                0x0000000000000874       0x28 /Users/patdag/workspace/lpcxpresso_4088_3/lpc_chip_40xx/Debug/liblpc_chip_40xx.a(emc_17xx_40xx.o)
 .text.initDynMem
                0x000000000000089c      0x178 /Users/patdag/workspace/lpcxpresso_4088_3/lpc_chip_40xx/Debug/liblpc_chip_40xx.a(emc_17xx_40xx.o)
                0x000000000000089c                initDynMem
 .text.initStaticMem
                0x0000000000000a14       0x68 /Users/patdag/workspace/lpcxpresso_4088_3/lpc_chip_40xx/Debug/liblpc_chip_40xx.a(emc_17xx_40xx.o)
                0x0000000000000a14                initStaticMem
 .text.Chip_EMC_Dynamic_Init
                0x0000000000000a7c       0x28 /Users/patdag/workspace/lpcxpresso_4088_3/lpc_chip_40xx/Debug/liblpc_chip_40xx.a(emc_17xx_40xx.o)
                0x0000000000000a7c                Chip_EMC_Dynamic_Init
 .text.Chip_EMC_Static_Init
                0x0000000000000aa4       0x28 /Users/patdag/workspace/lpcxpresso_4088_3/lpc_chip_40xx/Debug/liblpc_chip_40xx.a(emc_17xx_40xx.o)
                0x0000000000000aa4                Chip_EMC_Static_Init
 .text.Chip_EMC_Init
                0x0000000000000acc       0x24 /Users/patdag/workspace/lpcxpresso_4088_3/lpc_chip_40xx/Debug/liblpc_chip_40xx.a(emc_17xx_40xx.o)
                0x0000000000000acc                Chip_EMC_Init
 .text.fpuInit  0x0000000000000af0       0x58 /Users/patdag/workspace/lpcxpresso_4088_3/lpc_chip_40xx/Debug/liblpc_chip_40xx.a(fpu_init.o)
                0x0000000000000af0                fpuInit
 .text.Chip_I2C_EventHandler
                0x0000000000000b48       0x20 /Users/patdag/workspace/lpcxpresso_4088_3/lpc_chip_40xx/Debug/liblpc_chip_40xx.a(i2c_17xx_40xx.o)
                0x0000000000000b48                Chip_I2C_EventHandler
 .text.Chip_I2C_Init
                0x0000000000000b68       0x24 /Users/patdag/workspace/lpcxpresso_4088_3/lpc_chip_40xx/Debug/liblpc_chip_40xx.a(i2c_17xx_40xx.o)
                0x0000000000000b68                Chip_I2C_Init
 .text.Chip_I2C_SetClockRate
                0x0000000000000b8c       0x30 /Users/patdag/workspace/lpcxpresso_4088_3/lpc_chip_40xx/Debug/liblpc_chip_40xx.a(i2c_17xx_40xx.o)
                0x0000000000000b8c                Chip_I2C_SetClockRate
 .text.Chip_I2C_SetMasterEventHandler
                0x0000000000000bbc       0x20 /Users/patdag/workspace/lpcxpresso_4088_3/lpc_chip_40xx/Debug/liblpc_chip_40xx.a(i2c_17xx_40xx.o)
                0x0000000000000bbc                Chip_I2C_SetMasterEventHandler
 .text.Chip_I2C_MasterTransfer
                0x0000000000000bdc       0x6c /Users/patdag/workspace/lpcxpresso_4088_3/lpc_chip_40xx/Debug/liblpc_chip_40xx.a(i2c_17xx_40xx.o)
                0x0000000000000bdc                Chip_I2C_MasterTransfer
 .text.Chip_I2C_MasterCmdRead
                0x0000000000000c48       0x38 /Users/patdag/workspace/lpcxpresso_4088_3/lpc_chip_40xx/Debug/liblpc_chip_40xx.a(i2c_17xx_40xx.o)
                0x0000000000000c48                Chip_I2C_MasterCmdRead
 .text.Chip_IOCON_SetPinMuxing
                0x0000000000000c80       0x2c /Users/patdag/workspace/lpcxpresso_4088_3/lpc_chip_40xx/Debug/liblpc_chip_40xx.a(iocon_17xx_40xx.o)
                0x0000000000000c80                Chip_IOCON_SetPinMuxing
 .text.Chip_SYSCTL_PeriphReset
                0x0000000000000cac       0x20 /Users/patdag/workspace/lpcxpresso_4088_3/lpc_chip_40xx/Debug/liblpc_chip_40xx.a(sysctl_17xx_40xx.o)
                0x0000000000000cac                Chip_SYSCTL_PeriphReset
 .text.Chip_SetupXtalClocking
                0x0000000000000ccc       0x84 /Users/patdag/workspace/lpcxpresso_4088_3/lpc_chip_40xx/Debug/liblpc_chip_40xx.a(sysinit_17xx_40xx.o)
                0x0000000000000ccc                Chip_SetupXtalClocking
 .text.Chip_UART_GetClockIndex
                0x0000000000000d50       0x38 /Users/patdag/workspace/lpcxpresso_4088_3/lpc_chip_40xx/Debug/liblpc_chip_40xx.a(uart_17xx_40xx.o)
 .text.Chip_UART_TXEnable
                0x0000000000000d88       0x18 /Users/patdag/workspace/lpcxpresso_4088_3/lpc_chip_40xx/Debug/liblpc_chip_40xx.a(uart_17xx_40xx.o)
                0x0000000000000d88                Chip_UART_TXEnable
 .text.Chip_UART_TXDisable
                0x0000000000000da0       0x18 /Users/patdag/workspace/lpcxpresso_4088_3/lpc_chip_40xx/Debug/liblpc_chip_40xx.a(uart_17xx_40xx.o)
                0x0000000000000da0                Chip_UART_TXDisable
 .text.Chip_UART_Init
                0x0000000000000db8       0x40 /Users/patdag/workspace/lpcxpresso_4088_3/lpc_chip_40xx/Debug/liblpc_chip_40xx.a(uart_17xx_40xx.o)
                0x0000000000000db8                Chip_UART_Init
 .text.Chip_UART_SetBaud
                0x0000000000000df8       0x30 /Users/patdag/workspace/lpcxpresso_4088_3/lpc_chip_40xx/Debug/liblpc_chip_40xx.a(uart_17xx_40xx.o)
                0x0000000000000df8                Chip_UART_SetBaud
 .text          0x0000000000000e28       0x2c /Applications/lpcxpresso_7.4.0_229/lpcxpresso/tools/bin/../lib/gcc/arm-none-eabi/4.8.4/armv7e-m/libgcc.a(_aeabi_uldivmod.o)
                0x0000000000000e28                __aeabi_uldivmod
 .text          0x0000000000000e54       0x60 /Applications/lpcxpresso_7.4.0_229/lpcxpresso/tools/bin/../lib/gcc/arm-none-eabi/4.8.4/armv7e-m/libgcc.a(bpabi.o)
                0x0000000000000e54                __gnu_ldivmod_helper
                0x0000000000000e84                __gnu_uldivmod_helper
 .text          0x0000000000000eb4        0x4 /Applications/lpcxpresso_7.4.0_229/lpcxpresso/tools/bin/../lib/gcc/arm-none-eabi/4.8.4/armv7e-m/libgcc.a(_dvmd_tls.o)
                0x0000000000000eb4                __aeabi_ldiv0
                0x0000000000000eb4                __aeabi_idiv0
 .text          0x0000000000000eb8      0x298 /Applications/lpcxpresso_7.4.0_229/lpcxpresso/tools/bin/../lib/gcc/arm-none-eabi/4.8.4/armv7e-m/libgcc.a(_divdi3.o)
                0x0000000000000eb8                __divdi3
 .text          0x0000000000001150      0x284 /Applications/lpcxpresso_7.4.0_229/lpcxpresso/tools/bin/../lib/gcc/arm-none-eabi/4.8.4/armv7e-m/libgcc.a(_udivdi3.o)
                0x0000000000001150                __udivdi3
 .text.__libc_init_array
                0x00000000000013d4       0x50 /Applications/lpcxpresso_7.4.0_229/lpcxpresso/tools/bin/../lib/gcc/arm-none-eabi/4.8.4/../../../../arm-none-eabi/lib/armv7e-m/libc.a(lib_a-init.o)
                0x00000000000013d4                __libc_init_array
 .text._malloc_r
                0x0000000000001424      0x538 /Applications/lpcxpresso_7.4.0_229/lpcxpresso/tools/bin/../lib/gcc/arm-none-eabi/4.8.4/../../../../arm-none-eabi/lib/armv7e-m/libc.a(lib_a-mallocr.o)
                0x0000000000001424                _malloc_r
 .text          0x000000000000195c      0x134 /Applications/lpcxpresso_7.4.0_229/lpcxpresso/tools/bin/../lib/gcc/arm-none-eabi/4.8.4/../../../../arm-none-eabi/lib/armv7e-m/libc.a(lib_a-memcpy.o)
                0x000000000000195c                memcpy
 .text.__malloc_lock
                0x0000000000001a90        0x4 /Applications/lpcxpresso_7.4.0_229/lpcxpresso/tools/bin/../lib/gcc/arm-none-eabi/4.8.4/../../../../arm-none-eabi/lib/armv7e-m/libc.a(lib_a-mlock.o)
                0x0000000000001a90                __malloc_lock
 .text.__malloc_unlock
                0x0000000000001a94        0x4 /Applications/lpcxpresso_7.4.0_229/lpcxpresso/tools/bin/../lib/gcc/arm-none-eabi/4.8.4/../../../../arm-none-eabi/lib/armv7e-m/libc.a(lib_a-mlock.o)
                0x0000000000001a94                __malloc_unlock
 .text.printf   0x0000000000001a98       0x28 /Applications/lpcxpresso_7.4.0_229/lpcxpresso/tools/bin/../lib/gcc/arm-none-eabi/4.8.4/../../../../arm-none-eabi/lib/armv7e-m/libc.a(lib_a-printf.o)
                0x0000000000001a98                printf
 .text._sbrk_r  0x0000000000001ac0       0x24 /Applications/lpcxpresso_7.4.0_229/lpcxpresso/tools/bin/../lib/gcc/arm-none-eabi/4.8.4/../../../../arm-none-eabi/lib/armv7e-m/libc.a(lib_a-sbrkr.o)
                0x0000000000001ac0                _sbrk_r
 .text._vfprintf_r
                0x0000000000001ae4     0x1544 /Applications/lpcxpresso_7.4.0_229/lpcxpresso/tools/bin/../lib/gcc/arm-none-eabi/4.8.4/../../../../arm-none-eabi/lib/armv7e-m/libc.a(lib_a-vfprintf.o)
                0x0000000000001ae4                _vfprintf_r
 .text.__sbprintf
                0x0000000000003028       0x78 /Applications/lpcxpresso_7.4.0_229/lpcxpresso/tools/bin/../lib/gcc/arm-none-eabi/4.8.4/../../../../arm-none-eabi/lib/armv7e-m/libc.a(lib_a-vfprintf.o)
 .text.__swsetup_r
                0x00000000000030a0       0xc4 /Applications/lpcxpresso_7.4.0_229/lpcxpresso/tools/bin/../lib/gcc/arm-none-eabi/4.8.4/../../../../arm-none-eabi/lib/armv7e-m/libc.a(lib_a-wsetup.o)
                0x00000000000030a0                __swsetup_r
 .text.quorem   0x0000000000003164      0x130 /Applications/lpcxpresso_7.4.0_229/lpcxpresso/tools/bin/../lib/gcc/arm-none-eabi/4.8.4/../../../../arm-none-eabi/lib/armv7e-m/libc.a(lib_a-dtoa.o)
 *fill*         0x0000000000003294        0x4 
 .text._dtoa_r  0x0000000000003298      0xe38 /Applications/lpcxpresso_7.4.0_229/lpcxpresso/tools/bin/../lib/gcc/arm-none-eabi/4.8.4/../../../../arm-none-eabi/lib/armv7e-m/libc.a(lib_a-dtoa.o)
                0x0000000000003298                _dtoa_r
 .text.__sflush_r
                0x00000000000040d0      0x154 /Applications/lpcxpresso_7.4.0_229/lpcxpresso/tools/bin/../lib/gcc/arm-none-eabi/4.8.4/../../../../arm-none-eabi/lib/armv7e-m/libc.a(lib_a-fflush.o)
                0x00000000000040d0                __sflush_r
 .text._fflush_r
                0x0000000000004224       0x2c /Applications/lpcxpresso_7.4.0_229/lpcxpresso/tools/bin/../lib/gcc/arm-none-eabi/4.8.4/../../../../arm-none-eabi/lib/armv7e-m/libc.a(lib_a-fflush.o)
                0x0000000000004224                _fflush_r
 .text._cleanup_r
                0x0000000000004250        0xc /Applications/lpcxpresso_7.4.0_229/lpcxpresso/tools/bin/../lib/gcc/arm-none-eabi/4.8.4/../../../../arm-none-eabi/lib/armv7e-m/libc.a(lib_a-findfp.o)
                0x0000000000004250                _cleanup_r
 .text.__sinit  0x000000000000425c       0xf4 /Applications/lpcxpresso_7.4.0_229/lpcxpresso/tools/bin/../lib/gcc/arm-none-eabi/4.8.4/../../../../arm-none-eabi/lib/armv7e-m/libc.a(lib_a-findfp.o)
                0x000000000000425c                __sinit
 .text.__sfp_lock_acquire
                0x0000000000004350        0x4 /Applications/lpcxpresso_7.4.0_229/lpcxpresso/tools/bin/../lib/gcc/arm-none-eabi/4.8.4/../../../../arm-none-eabi/lib/armv7e-m/libc.a(lib_a-findfp.o)
                0x0000000000004350                __sfp_lock_acquire
 .text.__sfp_lock_release
                0x0000000000004354        0x4 /Applications/lpcxpresso_7.4.0_229/lpcxpresso/tools/bin/../lib/gcc/arm-none-eabi/4.8.4/../../../../arm-none-eabi/lib/armv7e-m/libc.a(lib_a-findfp.o)
                0x0000000000004354                __sfp_lock_release
 .text._malloc_trim_r
                0x0000000000004358       0x9c /Applications/lpcxpresso_7.4.0_229/lpcxpresso/tools/bin/../lib/gcc/arm-none-eabi/4.8.4/../../../../arm-none-eabi/lib/armv7e-m/libc.a(lib_a-freer.o)
                0x0000000000004358                _malloc_trim_r
 .text._free_r  0x00000000000043f4      0x19c /Applications/lpcxpresso_7.4.0_229/lpcxpresso/tools/bin/../lib/gcc/arm-none-eabi/4.8.4/../../../../arm-none-eabi/lib/armv7e-m/libc.a(lib_a-freer.o)
                0x00000000000043f4                _free_r
 .text._fwalk   0x0000000000004590       0x4c /Applications/lpcxpresso_7.4.0_229/lpcxpresso/tools/bin/../lib/gcc/arm-none-eabi/4.8.4/../../../../arm-none-eabi/lib/armv7e-m/libc.a(lib_a-fwalk.o)
                0x0000000000004590                _fwalk
 .text.__locale_charset
                0x00000000000045dc        0x8 /Applications/lpcxpresso_7.4.0_229/lpcxpresso/tools/bin/../lib/gcc/arm-none-eabi/4.8.4/../../../../arm-none-eabi/lib/armv7e-m/libc.a(lib_a-locale.o)
                0x00000000000045dc                __locale_charset
 .text.__locale_mb_cur_max
                0x00000000000045e4        0xc /Applications/lpcxpresso_7.4.0_229/lpcxpresso/tools/bin/../lib/gcc/arm-none-eabi/4.8.4/../../../../arm-none-eabi/lib/armv7e-m/libc.a(lib_a-locale.o)
                0x00000000000045e4                __locale_mb_cur_max
 .text._localeconv_r
                0x00000000000045f0        0x8 /Applications/lpcxpresso_7.4.0_229/lpcxpresso/tools/bin/../lib/gcc/arm-none-eabi/4.8.4/../../../../arm-none-eabi/lib/armv7e-m/libc.a(lib_a-locale.o)
                0x00000000000045f0                _localeconv_r
 .text.__smakebuf_r
                0x00000000000045f8       0xe0 /Applications/lpcxpresso_7.4.0_229/lpcxpresso/tools/bin/../lib/gcc/arm-none-eabi/4.8.4/../../../../arm-none-eabi/lib/armv7e-m/libc.a(lib_a-makebuf.o)
                0x00000000000045f8                __smakebuf_r
 .text.memchr   0x00000000000046d8       0x90 /Applications/lpcxpresso_7.4.0_229/lpcxpresso/tools/bin/../lib/gcc/arm-none-eabi/4.8.4/../../../../arm-none-eabi/lib/armv7e-m/libc.a(lib_a-memchr-stub.o)
                0x00000000000046d8                memchr
 .text.memset   0x0000000000004768       0x94 /Applications/lpcxpresso_7.4.0_229/lpcxpresso/tools/bin/../lib/gcc/arm-none-eabi/4.8.4/../../../../arm-none-eabi/lib/armv7e-m/libc.a(lib_a-memset.o)
                0x0000000000004768                memset
 .text._Balloc  0x00000000000047fc       0x4c /Applications/lpcxpresso_7.4.0_229/lpcxpresso/tools/bin/../lib/gcc/arm-none-eabi/4.8.4/../../../../arm-none-eabi/lib/armv7e-m/libc.a(lib_a-mprec.o)
                0x00000000000047fc                _Balloc
 .text._Bfree   0x0000000000004848       0x14 /Applications/lpcxpresso_7.4.0_229/lpcxpresso/tools/bin/../lib/gcc/arm-none-eabi/4.8.4/../../../../arm-none-eabi/lib/armv7e-m/libc.a(lib_a-mprec.o)
                0x0000000000004848                _Bfree
 .text.__multadd
                0x000000000000485c       0x98 /Applications/lpcxpresso_7.4.0_229/lpcxpresso/tools/bin/../lib/gcc/arm-none-eabi/4.8.4/../../../../arm-none-eabi/lib/armv7e-m/libc.a(lib_a-mprec.o)
                0x000000000000485c                __multadd
 .text.__hi0bits
                0x00000000000048f4       0x40 /Applications/lpcxpresso_7.4.0_229/lpcxpresso/tools/bin/../lib/gcc/arm-none-eabi/4.8.4/../../../../arm-none-eabi/lib/armv7e-m/libc.a(lib_a-mprec.o)
                0x00000000000048f4                __hi0bits
 .text.__lo0bits
                0x0000000000004934       0x5c /Applications/lpcxpresso_7.4.0_229/lpcxpresso/tools/bin/../lib/gcc/arm-none-eabi/4.8.4/../../../../arm-none-eabi/lib/armv7e-m/libc.a(lib_a-mprec.o)
                0x0000000000004934                __lo0bits
 .text.__i2b    0x0000000000004990       0x14 /Applications/lpcxpresso_7.4.0_229/lpcxpresso/tools/bin/../lib/gcc/arm-none-eabi/4.8.4/../../../../arm-none-eabi/lib/armv7e-m/libc.a(lib_a-mprec.o)
                0x0000000000004990                __i2b
 .text.__multiply
                0x00000000000049a4      0x13c /Applications/lpcxpresso_7.4.0_229/lpcxpresso/tools/bin/../lib/gcc/arm-none-eabi/4.8.4/../../../../arm-none-eabi/lib/armv7e-m/libc.a(lib_a-mprec.o)
                0x00000000000049a4                __multiply
 .text.__pow5mult
                0x0000000000004ae0       0x9c /Applications/lpcxpresso_7.4.0_229/lpcxpresso/tools/bin/../lib/gcc/arm-none-eabi/4.8.4/../../../../arm-none-eabi/lib/armv7e-m/libc.a(lib_a-mprec.o)
                0x0000000000004ae0                __pow5mult
 .text.__lshift
                0x0000000000004b7c       0xbc /Applications/lpcxpresso_7.4.0_229/lpcxpresso/tools/bin/../lib/gcc/arm-none-eabi/4.8.4/../../../../arm-none-eabi/lib/armv7e-m/libc.a(lib_a-mprec.o)
                0x0000000000004b7c                __lshift
 .text.__mcmp   0x0000000000004c38       0x48 /Applications/lpcxpresso_7.4.0_229/lpcxpresso/tools/bin/../lib/gcc/arm-none-eabi/4.8.4/../../../../arm-none-eabi/lib/armv7e-m/libc.a(lib_a-mprec.o)
                0x0000000000004c38                __mcmp
 .text.__mdiff  0x0000000000004c80       0xd4 /Applications/lpcxpresso_7.4.0_229/lpcxpresso/tools/bin/../lib/gcc/arm-none-eabi/4.8.4/../../../../arm-none-eabi/lib/armv7e-m/libc.a(lib_a-mprec.o)
                0x0000000000004c80                __mdiff
 .text.__d2b    0x0000000000004d54       0xbc /Applications/lpcxpresso_7.4.0_229/lpcxpresso/tools/bin/../lib/gcc/arm-none-eabi/4.8.4/../../../../arm-none-eabi/lib/armv7e-m/libc.a(lib_a-mprec.o)
                0x0000000000004d54                __d2b
 .text.__fpclassifyd
                0x0000000000004e10       0x50 /Applications/lpcxpresso_7.4.0_229/lpcxpresso/tools/bin/../lib/gcc/arm-none-eabi/4.8.4/../../../../arm-none-eabi/lib/armv7e-m/libc.a(lib_a-s_fpclassify.o)
                0x0000000000004e10                __fpclassifyd
 .text.__sread  0x0000000000004e60       0x24 /Applications/lpcxpresso_7.4.0_229/lpcxpresso/tools/bin/../lib/gcc/arm-none-eabi/4.8.4/../../../../arm-none-eabi/lib/armv7e-m/libc.a(lib_a-stdio.o)
                0x0000000000004e60                __sread
 .text.__swrite
                0x0000000000004e84       0x38 /Applications/lpcxpresso_7.4.0_229/lpcxpresso/tools/bin/../lib/gcc/arm-none-eabi/4.8.4/../../../../arm-none-eabi/lib/armv7e-m/libc.a(lib_a-stdio.o)
                0x0000000000004e84                __swrite
 .text.__sseek  0x0000000000004ebc       0x20 /Applications/lpcxpresso_7.4.0_229/lpcxpresso/tools/bin/../lib/gcc/arm-none-eabi/4.8.4/../../../../arm-none-eabi/lib/armv7e-m/libc.a(lib_a-stdio.o)
                0x0000000000004ebc                __sseek
 .text.__sclose
                0x0000000000004edc        0x8 /Applications/lpcxpresso_7.4.0_229/lpcxpresso/tools/bin/../lib/gcc/arm-none-eabi/4.8.4/../../../../arm-none-eabi/lib/armv7e-m/libc.a(lib_a-stdio.o)
                0x0000000000004edc                __sclose
 .text.strlen   0x0000000000004ee4       0x60 /Applications/lpcxpresso_7.4.0_229/lpcxpresso/tools/bin/../lib/gcc/arm-none-eabi/4.8.4/../../../../arm-none-eabi/lib/armv7e-m/libc.a(lib_a-strlen.o)
                0x0000000000004ee4                strlen
 .text.__sprint_r.part.0
                0x0000000000004f44       0x78 /Applications/lpcxpresso_7.4.0_229/lpcxpresso/tools/bin/../lib/gcc/arm-none-eabi/4.8.4/../../../../arm-none-eabi/lib/armv7e-m/libc.a(lib_a-vfiprintf.o)
 .text.__sprint_r
                0x0000000000004fbc       0x18 /Applications/lpcxpresso_7.4.0_229/lpcxpresso/tools/bin/../lib/gcc/arm-none-eabi/4.8.4/../../../../arm-none-eabi/lib/armv7e-m/libc.a(lib_a-vfiprintf.o)
                0x0000000000004fbc                __sprint_r
 .text._write_r
                0x0000000000004fd4       0x28 /Applications/lpcxpresso_7.4.0_229/lpcxpresso/tools/bin/../lib/gcc/arm-none-eabi/4.8.4/../../../../arm-none-eabi/lib/armv7e-m/libc.a(lib_a-writer.o)
                0x0000000000004fd4                _write_r
 .text._calloc_r
                0x0000000000004ffc       0x60 /Applications/lpcxpresso_7.4.0_229/lpcxpresso/tools/bin/../lib/gcc/arm-none-eabi/4.8.4/../../../../arm-none-eabi/lib/armv7e-m/libc.a(lib_a-callocr.o)
                0x0000000000004ffc                _calloc_r
 .text._close_r
                0x000000000000505c       0x24 /Applications/lpcxpresso_7.4.0_229/lpcxpresso/tools/bin/../lib/gcc/arm-none-eabi/4.8.4/../../../../arm-none-eabi/lib/armv7e-m/libc.a(lib_a-closer.o)
                0x000000000000505c                _close_r
 .text._fclose_r
                0x0000000000005080       0x80 /Applications/lpcxpresso_7.4.0_229/lpcxpresso/tools/bin/../lib/gcc/arm-none-eabi/4.8.4/../../../../arm-none-eabi/lib/armv7e-m/libc.a(lib_a-fclose.o)
                0x0000000000005080                _fclose_r
 .text.fclose   0x0000000000005100       0x10 /Applications/lpcxpresso_7.4.0_229/lpcxpresso/tools/bin/../lib/gcc/arm-none-eabi/4.8.4/../../../../arm-none-eabi/lib/armv7e-m/libc.a(lib_a-fclose.o)
                0x0000000000005100                fclose
 .text._fputwc_r
                0x0000000000005110       0xbc /Applications/lpcxpresso_7.4.0_229/lpcxpresso/tools/bin/../lib/gcc/arm-none-eabi/4.8.4/../../../../arm-none-eabi/lib/armv7e-m/libc.a(lib_a-fputwc.o)
                0x0000000000005110                _fputwc_r
 .text._fstat_r
                0x00000000000051cc       0x28 /Applications/lpcxpresso_7.4.0_229/lpcxpresso/tools/bin/../lib/gcc/arm-none-eabi/4.8.4/../../../../arm-none-eabi/lib/armv7e-m/libc.a(lib_a-fstatr.o)
                0x00000000000051cc                _fstat_r
 .text.__sfvwrite_r
                0x00000000000051f4      0x318 /Applications/lpcxpresso_7.4.0_229/lpcxpresso/tools/bin/../lib/gcc/arm-none-eabi/4.8.4/../../../../arm-none-eabi/lib/armv7e-m/libc.a(lib_a-fvwrite.o)
                0x00000000000051f4                __sfvwrite_r
 .text._isatty_r
                0x000000000000550c       0x24 /Applications/lpcxpresso_7.4.0_229/lpcxpresso/tools/bin/../lib/gcc/arm-none-eabi/4.8.4/../../../../arm-none-eabi/lib/armv7e-m/libc.a(lib_a-isattyr.o)
                0x000000000000550c                _isatty_r
 .text._lseek_r
                0x0000000000005530       0x28 /Applications/lpcxpresso_7.4.0_229/lpcxpresso/tools/bin/../lib/gcc/arm-none-eabi/4.8.4/../../../../arm-none-eabi/lib/armv7e-m/libc.a(lib_a-lseekr.o)
                0x0000000000005530                _lseek_r
 .text.memmove  0x0000000000005558       0xc0 /Applications/lpcxpresso_7.4.0_229/lpcxpresso/tools/bin/../lib/gcc/arm-none-eabi/4.8.4/../../../../arm-none-eabi/lib/armv7e-m/libc.a(lib_a-memmove.o)
                0x0000000000005558                memmove
 .text._read_r  0x0000000000005618       0x28 /Applications/lpcxpresso_7.4.0_229/lpcxpresso/tools/bin/../lib/gcc/arm-none-eabi/4.8.4/../../../../arm-none-eabi/lib/armv7e-m/libc.a(lib_a-readr.o)
                0x0000000000005618                _read_r
 .text._realloc_r
                0x0000000000005640      0x3cc /Applications/lpcxpresso_7.4.0_229/lpcxpresso/tools/bin/../lib/gcc/arm-none-eabi/4.8.4/../../../../arm-none-eabi/lib/armv7e-m/libc.a(lib_a-reallocr.o)
                0x0000000000005640                _realloc_r
 .text.__swbuf_r
                0x0000000000005a0c       0xa8 /Applications/lpcxpresso_7.4.0_229/lpcxpresso/tools/bin/../lib/gcc/arm-none-eabi/4.8.4/../../../../arm-none-eabi/lib/armv7e-m/libc.a(lib_a-wbuf.o)
                0x0000000000005a0c                __swbuf_r
 .text._wcrtomb_r
                0x0000000000005ab4       0x50 /Applications/lpcxpresso_7.4.0_229/lpcxpresso/tools/bin/../lib/gcc/arm-none-eabi/4.8.4/../../../../arm-none-eabi/lib/armv7e-m/libc.a(lib_a-wcrtomb.o)
                0x0000000000005ab4                _wcrtomb_r
 .text.__ascii_wctomb
                0x0000000000005b04       0x1c /Applications/lpcxpresso_7.4.0_229/lpcxpresso/tools/bin/../lib/gcc/arm-none-eabi/4.8.4/../../../../arm-none-eabi/lib/armv7e-m/libc.a(lib_a-wctomb_r.o)
                0x0000000000005b04                __ascii_wctomb
 .text._sbrk    0x0000000000005b20       0x3c /Applications/lpcxpresso_7.4.0_229/lpcxpresso/tools/bin/../lib/gcc/arm-none-eabi/4.8.4/../../../../arm-none-eabi/lib/armv7e-m/libcr_newlib_nohost.a(_cr_sbrk.o)
                0x0000000000005b20                _sbrk
 .text._close   0x0000000000005b5c       0x10 /Applications/lpcxpresso_7.4.0_229/lpcxpresso/tools/bin/../lib/gcc/arm-none-eabi/4.8.4/../../../../arm-none-eabi/lib/armv7e-m/libcr_newlib_nohost.a(close.o)
                0x0000000000005b5c                _close
 .text._fstat   0x0000000000005b6c       0x10 /Applications/lpcxpresso_7.4.0_229/lpcxpresso/tools/bin/../lib/gcc/arm-none-eabi/4.8.4/../../../../arm-none-eabi/lib/armv7e-m/libcr_newlib_nohost.a(fstat.o)
                0x0000000000005b6c                _fstat
 .text._isatty  0x0000000000005b7c       0x10 /Applications/lpcxpresso_7.4.0_229/lpcxpresso/tools/bin/../lib/gcc/arm-none-eabi/4.8.4/../../../../arm-none-eabi/lib/armv7e-m/libcr_newlib_nohost.a(isatty.o)
                0x0000000000005b7c                _isatty
 .text._lseek   0x0000000000005b8c       0x10 /Applications/lpcxpresso_7.4.0_229/lpcxpresso/tools/bin/../lib/gcc/arm-none-eabi/4.8.4/../../../../arm-none-eabi/lib/armv7e-m/libcr_newlib_nohost.a(lseek.o)
                0x0000000000005b8c                _lseek
 .text._read    0x0000000000005b9c       0x10 /Applications/lpcxpresso_7.4.0_229/lpcxpresso/tools/bin/../lib/gcc/arm-none-eabi/4.8.4/../../../../arm-none-eabi/lib/armv7e-m/libcr_newlib_nohost.a(read.o)
                0x0000000000005b9c                _read
 .text._write   0x0000000000005bac       0x10 /Applications/lpcxpresso_7.4.0_229/lpcxpresso/tools/bin/../lib/gcc/arm-none-eabi/4.8.4/../../../../arm-none-eabi/lib/armv7e-m/libcr_newlib_nohost.a(write.o)
                0x0000000000005bac                _write
 .text.__check_heap_overflow
                0x0000000000005bbc       0x18 /Applications/lpcxpresso_7.4.0_229/lpcxpresso/tools/bin/../lib/gcc/arm-none-eabi/4.8.4/../../../../arm-none-eabi/lib/armv7e-m/libcr_newlib_nohost.a(_cr_check_heap.o)
                0x0000000000005bbc                __check_heap_overflow
 .text          0x0000000000005bd4       0x54 /Applications/lpcxpresso_7.4.0_229/lpcxpresso/tools/bin/../lib/gcc/arm-none-eabi/4.8.4/armv7e-m/crtbegin.o
 .text          0x0000000000005c28      0x370 /Applications/lpcxpresso_7.4.0_229/lpcxpresso/tools/bin/../lib/gcc/arm-none-eabi/4.8.4/armv7e-m/libgcc.a(_arm_addsubdf3.o)
                0x0000000000005c28                __aeabi_drsub
                0x0000000000005c30                __subdf3
                0x0000000000005c30                __aeabi_dsub
                0x0000000000005c34                __aeabi_dadd
                0x0000000000005c34                __adddf3
                0x0000000000005eac                __aeabi_ui2d
                0x0000000000005eac                __floatunsidf
                0x0000000000005ecc                __floatsidf
                0x0000000000005ecc                __aeabi_i2d
                0x0000000000005ef0                __extendsfdf2
                0x0000000000005ef0                __aeabi_f2d
                0x0000000000005f2c                __aeabi_ul2d
                0x0000000000005f2c                __floatundidf
                0x0000000000005f3c                __aeabi_l2d
                0x0000000000005f3c                __floatdidf
 .text          0x0000000000005f98      0x424 /Applications/lpcxpresso_7.4.0_229/lpcxpresso/tools/bin/../lib/gcc/arm-none-eabi/4.8.4/armv7e-m/libgcc.a(_arm_muldivdf3.o)
                0x0000000000005f98                __aeabi_dmul
                0x0000000000005f98                __muldf3
                0x00000000000061ec                __aeabi_ddiv
                0x00000000000061ec                __divdf3
 .text          0x00000000000063bc      0x110 /Applications/lpcxpresso_7.4.0_229/lpcxpresso/tools/bin/../lib/gcc/arm-none-eabi/4.8.4/armv7e-m/libgcc.a(_arm_cmpdf2.o)
                0x00000000000063bc                __gtdf2
                0x00000000000063bc                __gedf2
                0x00000000000063c4                __ltdf2
                0x00000000000063c4                __ledf2
                0x00000000000063cc                __eqdf2
                0x00000000000063cc                __nedf2
                0x00000000000063cc                __cmpdf2
                0x0000000000006448                __aeabi_cdrcmple
                0x0000000000006458                __aeabi_cdcmple
                0x0000000000006458                __aeabi_cdcmpeq
                0x0000000000006468                __aeabi_dcmpeq
                0x000000000000647c                __aeabi_dcmplt
                0x0000000000006490                __aeabi_dcmple
                0x00000000000064a4                __aeabi_dcmpge
                0x00000000000064b8                __aeabi_dcmpgt
 .text          0x00000000000064cc       0x50 /Applications/lpcxpresso_7.4.0_229/lpcxpresso/tools/bin/../lib/gcc/arm-none-eabi/4.8.4/armv7e-m/libgcc.a(_arm_fixdfsi.o)
                0x00000000000064cc                __fixdfsi
                0x00000000000064cc                __aeabi_d2iz
 .text.__errno  0x000000000000651c        0xc /Applications/lpcxpresso_7.4.0_229/lpcxpresso/tools/bin/../lib/gcc/arm-none-eabi/4.8.4/../../../../arm-none-eabi/lib/armv7e-m/libc.a(lib_a-errno.o)
                0x000000000000651c                __errno
 *(.rodata .rodata.* .constdata .constdata.*)
 .rodata.str1.4
                0x0000000000006528       0x35 ./src/main.o
                                         0x38 (size before relaxing)
 *fill*         0x000000000000655d        0x3 
 .rodata.ledports
                0x0000000000006560        0x4 /Users/patdag/workspace/lpcxpresso_4088_3/lpc_board_ea_devkit_4088/Debug/liblpc_board_ea_devkit_4088.a(board.o)
 .rodata.OscRateIn
                0x0000000000006564        0x4 /Users/patdag/workspace/lpcxpresso_4088_3/lpc_board_ea_devkit_4088/Debug/liblpc_board_ea_devkit_4088.a(board.o)
                0x0000000000006564                OscRateIn
 .rodata.ledpins
                0x0000000000006568        0x4 /Users/patdag/workspace/lpcxpresso_4088_3/lpc_board_ea_devkit_4088/Debug/liblpc_board_ea_devkit_4088.a(board.o)
 .rodata.ledBits
                0x000000000000656c        0x4 /Users/patdag/workspace/lpcxpresso_4088_3/lpc_board_ea_devkit_4088/Debug/liblpc_board_ea_devkit_4088.a(board.o)
 .rodata.IS42S32800D_config
                0x0000000000006570       0x74 /Users/patdag/workspace/lpcxpresso_4088_3/lpc_board_ea_devkit_4088/Debug/liblpc_board_ea_devkit_4088.a(board_sysinit.o)
 .rodata.K9F1G_config
                0x00000000000065e4       0x20 /Users/patdag/workspace/lpcxpresso_4088_3/lpc_board_ea_devkit_4088/Debug/liblpc_board_ea_devkit_4088.a(board_sysinit.o)
 .rodata.SST39VF320_config
                0x0000000000006604       0x20 /Users/patdag/workspace/lpcxpresso_4088_3/lpc_board_ea_devkit_4088/Debug/liblpc_board_ea_devkit_4088.a(board_sysinit.o)
 .rodata.pinmuxing
                0x0000000000006624       0x88 /Users/patdag/workspace/lpcxpresso_4088_3/lpc_board_ea_devkit_4088/Debug/liblpc_board_ea_devkit_4088.a(board_sysinit.o)
 .rodata.blanks.6777
                0x00000000000066ac       0x10 /Applications/lpcxpresso_7.4.0_229/lpcxpresso/tools/bin/../lib/gcc/arm-none-eabi/4.8.4/../../../../arm-none-eabi/lib/armv7e-m/libc.a(lib_a-vfprintf.o)
 .rodata.str1.4
                0x00000000000066bc       0x42 /Applications/lpcxpresso_7.4.0_229/lpcxpresso/tools/bin/../lib/gcc/arm-none-eabi/4.8.4/../../../../arm-none-eabi/lib/armv7e-m/libc.a(lib_a-vfprintf.o)
                                         0x44 (size before relaxing)
 *fill*         0x00000000000066fe        0x2 
 .rodata.zeroes.6778
                0x0000000000006700       0x10 /Applications/lpcxpresso_7.4.0_229/lpcxpresso/tools/bin/../lib/gcc/arm-none-eabi/4.8.4/../../../../arm-none-eabi/lib/armv7e-m/libc.a(lib_a-vfprintf.o)
 .rodata.str1.4
                0x0000000000006710       0x10 /Applications/lpcxpresso_7.4.0_229/lpcxpresso/tools/bin/../lib/gcc/arm-none-eabi/4.8.4/../../../../arm-none-eabi/lib/armv7e-m/libc.a(lib_a-dtoa.o)
                                         0x14 (size before relaxing)
 .rodata.str1.4
                0x0000000000006720        0x2 /Applications/lpcxpresso_7.4.0_229/lpcxpresso/tools/bin/../lib/gcc/arm-none-eabi/4.8.4/../../../../arm-none-eabi/lib/armv7e-m/libc.a(lib_a-impure.o)
                                          0x4 (size before relaxing)
 *fill*         0x0000000000006722        0x2 
 .rodata.str1.4
                0x0000000000006724        0xc /Applications/lpcxpresso_7.4.0_229/lpcxpresso/tools/bin/../lib/gcc/arm-none-eabi/4.8.4/../../../../arm-none-eabi/lib/armv7e-m/libc.a(lib_a-locale.o)
                                         0x14 (size before relaxing)
 .rodata.__mprec_tens
                0x0000000000006730       0xc8 /Applications/lpcxpresso_7.4.0_229/lpcxpresso/tools/bin/../lib/gcc/arm-none-eabi/4.8.4/../../../../arm-none-eabi/lib/armv7e-m/libc.a(lib_a-mprec.o)
                0x0000000000006730                __mprec_tens
 .rodata.__mprec_bigtens
                0x00000000000067f8       0x28 /Applications/lpcxpresso_7.4.0_229/lpcxpresso/tools/bin/../lib/gcc/arm-none-eabi/4.8.4/../../../../arm-none-eabi/lib/armv7e-m/libc.a(lib_a-mprec.o)
                0x00000000000067f8                __mprec_bigtens
 .rodata.p05.5269
                0x0000000000006820        0xc /Applications/lpcxpresso_7.4.0_229/lpcxpresso/tools/bin/../lib/gcc/arm-none-eabi/4.8.4/../../../../arm-none-eabi/lib/armv7e-m/libc.a(lib_a-mprec.o)
                0x000000000000682c                . = ALIGN (0x4)
                0x000000000000682c                . = ALIGN (0x4)
 *(.init)
 .init          0x000000000000682c        0x4 /Applications/lpcxpresso_7.4.0_229/lpcxpresso/tools/bin/../lib/gcc/arm-none-eabi/4.8.4/armv7e-m/crti.o
                0x000000000000682c                _init
 .init          0x0000000000006830        0x8 /Applications/lpcxpresso_7.4.0_229/lpcxpresso/tools/bin/../lib/gcc/arm-none-eabi/4.8.4/armv7e-m/crtn.o
                0x0000000000006838                . = ALIGN (0x4)
                0x0000000000006838                __preinit_array_start = .
 *(.preinit_array)
                0x0000000000006838                __preinit_array_end = .
                0x0000000000006838                . = ALIGN (0x4)
                0x0000000000006838                __init_array_start = .
 *(SORT(.init_array.*))
 *(.init_array)
 .init_array    0x0000000000006838        0x4 /Applications/lpcxpresso_7.4.0_229/lpcxpresso/tools/bin/../lib/gcc/arm-none-eabi/4.8.4/armv7e-m/crtbegin.o
                0x000000000000683c                __init_array_end = .
 *(.fini)
 .fini          0x000000000000683c        0x4 /Applications/lpcxpresso_7.4.0_229/lpcxpresso/tools/bin/../lib/gcc/arm-none-eabi/4.8.4/armv7e-m/crti.o
                0x000000000000683c                _fini
 .fini          0x0000000000006840        0x8 /Applications/lpcxpresso_7.4.0_229/lpcxpresso/tools/bin/../lib/gcc/arm-none-eabi/4.8.4/armv7e-m/crtn.o
                0x0000000000006848                . = ALIGN (0x4)
 *crtbegin.o(.ctors)
 *(EXCLUDE_FILE(*crtend.o) .ctors)
 *(SORT(.ctors.*))
 *crtend.o(.ctors)
                0x0000000000006848                . = ALIGN (0x4)
 *crtbegin.o(.dtors)
 *(EXCLUDE_FILE(*crtend.o) .dtors)
 *(SORT(.dtors.*))
 *crtend.o(.dtors)
                0x0000000000006848                . = ALIGN (0x4)

.glue_7         0x0000000000006848        0x0
 .glue_7        0x0000000000000000        0x0 linker stubs

.glue_7t        0x0000000000006848        0x0
 .glue_7t       0x0000000000000000        0x0 linker stubs

.vfp11_veneer   0x0000000000006848        0x0
 .vfp11_veneer  0x0000000000000000        0x0 linker stubs

.v4_bx          0x0000000000006848        0x0
 .v4_bx         0x0000000000000000        0x0 linker stubs

.iplt           0x0000000000006848        0x0
 .iplt          0x0000000000000000        0x0 ./src/LSM303.o

.ARM.extab
 *(.ARM.extab* .gnu.linkonce.armextab.*)
                0x0000000000006848                __exidx_start = .

.ARM.exidx      0x0000000000006848        0x8
 *(.ARM.exidx* .gnu.linkonce.armexidx.*)
 .ARM.exidx     0x0000000000006848        0x8 /Applications/lpcxpresso_7.4.0_229/lpcxpresso/tools/bin/../lib/gcc/arm-none-eabi/4.8.4/armv7e-m/libgcc.a(_divdi3.o)
 .ARM.exidx     0x0000000000006850        0x0 /Applications/lpcxpresso_7.4.0_229/lpcxpresso/tools/bin/../lib/gcc/arm-none-eabi/4.8.4/armv7e-m/libgcc.a(_udivdi3.o)
                                          0x8 (size before relaxing)
                0x0000000000006850                __exidx_end = .
                0x0000000000006850                _etext = .

.rel.dyn        0x0000000000006850        0x0
 .rel.iplt      0x0000000000000000        0x0 ./src/LSM303.o

.eh_frame       0x0000000000006850        0x0
 .eh_frame      0x0000000000006850        0x0 /Applications/lpcxpresso_7.4.0_229/lpcxpresso/tools/bin/../lib/gcc/arm-none-eabi/4.8.4/armv7e-m/crtbegin.o

.data_RAM2      0x0000000020000000        0x0 load address 0x0000000000006850
 FILL mask 0xff
 *(.ramfunc.$RAM2)
 *(.ramfunc.$RamPeriph32)
 *(.data.$RAM2*)
 *(.data.$RamPeriph32*)
                0x0000000020000000                . = ALIGN (0x4)

.uninit_RESERVED
                0x0000000010000000        0x0
 *(.bss.$RESERVED*)
                0x0000000010000000                . = ALIGN (0x4)
                0x0000000010000000                _end_uninit_RESERVED = .

.data           0x0000000010000000      0x8f4 load address 0x0000000000006850
 FILL mask 0xff
                0x0000000010000000                _data = .
 *(vtable)
 *(.ramfunc*)
 *(.data*)
 .data.i2c      0x0000000010000000       0x54 /Users/patdag/workspace/lpcxpresso_4088_3/lpc_chip_40xx/Debug/liblpc_chip_40xx.a(i2c_17xx_40xx.o)
 .data.__malloc_av_
                0x0000000010000054      0x408 /Applications/lpcxpresso_7.4.0_229/lpcxpresso/tools/bin/../lib/gcc/arm-none-eabi/4.8.4/../../../../arm-none-eabi/lib/armv7e-m/libc.a(lib_a-mallocr.o)
                0x0000000010000054                __malloc_av_
 .data.__malloc_trim_threshold
                0x000000001000045c        0x4 /Applications/lpcxpresso_7.4.0_229/lpcxpresso/tools/bin/../lib/gcc/arm-none-eabi/4.8.4/../../../../arm-none-eabi/lib/armv7e-m/libc.a(lib_a-mallocr.o)
                0x000000001000045c                __malloc_trim_threshold
 .data.__malloc_sbrk_base
                0x0000000010000460        0x4 /Applications/lpcxpresso_7.4.0_229/lpcxpresso/tools/bin/../lib/gcc/arm-none-eabi/4.8.4/../../../../arm-none-eabi/lib/armv7e-m/libc.a(lib_a-mallocr.o)
                0x0000000010000460                __malloc_sbrk_base
 *fill*         0x0000000010000464        0x4 
 .data.impure_data
                0x0000000010000468      0x428 /Applications/lpcxpresso_7.4.0_229/lpcxpresso/tools/bin/../lib/gcc/arm-none-eabi/4.8.4/../../../../arm-none-eabi/lib/armv7e-m/libc.a(lib_a-impure.o)
 .data._impure_ptr
                0x0000000010000890        0x4 /Applications/lpcxpresso_7.4.0_229/lpcxpresso/tools/bin/../lib/gcc/arm-none-eabi/4.8.4/../../../../arm-none-eabi/lib/armv7e-m/libc.a(lib_a-impure.o)
                0x0000000010000890                _impure_ptr
 .data.lconv    0x0000000010000894       0x38 /Applications/lpcxpresso_7.4.0_229/lpcxpresso/tools/bin/../lib/gcc/arm-none-eabi/4.8.4/../../../../arm-none-eabi/lib/armv7e-m/libc.a(lib_a-locale.o)
 .data.lc_ctype_charset
                0x00000000100008cc       0x20 /Applications/lpcxpresso_7.4.0_229/lpcxpresso/tools/bin/../lib/gcc/arm-none-eabi/4.8.4/../../../../arm-none-eabi/lib/armv7e-m/libc.a(lib_a-locale.o)
 .data.__mb_cur_max
                0x00000000100008ec        0x4 /Applications/lpcxpresso_7.4.0_229/lpcxpresso/tools/bin/../lib/gcc/arm-none-eabi/4.8.4/../../../../arm-none-eabi/lib/armv7e-m/libc.a(lib_a-locale.o)
                0x00000000100008ec                __mb_cur_max
 .data.__wctomb
                0x00000000100008f0        0x4 /Applications/lpcxpresso_7.4.0_229/lpcxpresso/tools/bin/../lib/gcc/arm-none-eabi/4.8.4/../../../../arm-none-eabi/lib/armv7e-m/libc.a(lib_a-wctomb_r.o)
                0x00000000100008f0                __wctomb
                0x00000000100008f4                . = ALIGN (0x4)
                0x00000000100008f4                _edata = .

.igot.plt       0x00000000100008f4        0x0 load address 0x0000000000007144
 .igot.plt      0x0000000000000000        0x0 ./src/LSM303.o

.jcr            0x00000000100008f4        0x0 load address 0x0000000000007144
 .jcr           0x00000000100008f4        0x0 /Applications/lpcxpresso_7.4.0_229/lpcxpresso/tools/bin/../lib/gcc/arm-none-eabi/4.8.4/armv7e-m/crtbegin.o

.bss_RAM2       0x0000000020000000        0x0
 *(.bss.$RAM2*)
 *(.bss.$RamPeriph32*)
                0x0000000020000000                . = ALIGN (0x4)

.bss            0x00000000100008f4       0x60
                0x00000000100008f4                _bss = .
 *(.bss*)
 .bss._ZZ4mainE1i
                0x00000000100008f4        0x4 ./src/main.o
 .bss.__malloc_max_total_mem
                0x00000000100008f8        0x4 /Applications/lpcxpresso_7.4.0_229/lpcxpresso/tools/bin/../lib/gcc/arm-none-eabi/4.8.4/../../../../arm-none-eabi/lib/armv7e-m/libc.a(lib_a-mallocr.o)
                0x00000000100008f8                __malloc_max_total_mem
 .bss.__malloc_max_sbrked_mem
                0x00000000100008fc        0x4 /Applications/lpcxpresso_7.4.0_229/lpcxpresso/tools/bin/../lib/gcc/arm-none-eabi/4.8.4/../../../../arm-none-eabi/lib/armv7e-m/libc.a(lib_a-mallocr.o)
                0x00000000100008fc                __malloc_max_sbrked_mem
 .bss.__malloc_top_pad
                0x0000000010000900        0x4 /Applications/lpcxpresso_7.4.0_229/lpcxpresso/tools/bin/../lib/gcc/arm-none-eabi/4.8.4/../../../../arm-none-eabi/lib/armv7e-m/libc.a(lib_a-mallocr.o)
                0x0000000010000900                __malloc_top_pad
 .bss.__malloc_current_mallinfo
                0x0000000010000904       0x28 /Applications/lpcxpresso_7.4.0_229/lpcxpresso/tools/bin/../lib/gcc/arm-none-eabi/4.8.4/../../../../arm-none-eabi/lib/armv7e-m/libc.a(lib_a-mallocr.o)
                0x0000000010000904                __malloc_current_mallinfo
 .bss           0x000000001000092c       0x1c /Applications/lpcxpresso_7.4.0_229/lpcxpresso/tools/bin/../lib/gcc/arm-none-eabi/4.8.4/armv7e-m/crtbegin.o
 *(COMMON)
 COMMON         0x0000000010000948        0x4 /Users/patdag/workspace/lpcxpresso_4088_3/lpc_chip_40xx/Debug/liblpc_chip_40xx.a(chip_17xx_40xx.o)
                0x0000000010000948                SystemCoreClock
 COMMON         0x000000001000094c        0x4 /Applications/lpcxpresso_7.4.0_229/lpcxpresso/tools/bin/../lib/gcc/arm-none-eabi/4.8.4/../../../../arm-none-eabi/lib/armv7e-m/libc.a(lib_a-reent.o)
                0x000000001000094c                errno
 COMMON         0x0000000010000950        0x4 /Applications/lpcxpresso_7.4.0_229/lpcxpresso/tools/bin/../lib/gcc/arm-none-eabi/4.8.4/../../../../arm-none-eabi/lib/armv7e-m/libcr_newlib_nohost.a(_cr_sbrk.o)
                0x0000000010000950                __end_of_heap
                0x0000000010000954                . = ALIGN (0x4)
                0x0000000010000954                _ebss = .
                0x0000000010000954                PROVIDE (end, .)

.noinit_RAM2    0x0000000020000000        0x0
 *(.noinit.$RAM2*)
 *(.noinit.$RamPeriph32*)
                0x0000000020000000                . = ALIGN (0x4)

.noinit         0x0000000010000954        0x0
                0x0000000010000954                _noinit = .
 *(.noinit*)
                0x0000000010000954                . = ALIGN (0x4)
                0x0000000010000954                _end_noinit = .
                0x0000000010000954                PROVIDE (_pvHeapStart, DEFINED (__user_heap_base)?__user_heap_base:.)
                0x0000000010010000                PROVIDE (_vStackTop, DEFINED (__user_stack_top)?__user_stack_top:(__top_RamLoc64 - 0x0))
OUTPUT(i2c_test_cpp.axf elf32-littlearm)

.debug_info     0x0000000000000000     0xbb8b
 .debug_info    0x0000000000000000      0xbb3 ./src/LSM303.o
 .debug_info    0x0000000000000bb3      0x2dc ./src/cr_startup_lpc407x_8x.o
 .debug_info    0x0000000000000e8f       0x3f ./src/crp.o
 .debug_info    0x0000000000000ece      0x833 ./src/main.o
 .debug_info    0x0000000000001701      0x141 ./src/sysinit.o
 .debug_info    0x0000000000001842     0x3a96 /Users/patdag/workspace/lpcxpresso_4088_3/lpc_board_ea_devkit_4088/Debug/liblpc_board_ea_devkit_4088.a(board.o)
 .debug_info    0x00000000000052d8      0xc5d /Users/patdag/workspace/lpcxpresso_4088_3/lpc_board_ea_devkit_4088/Debug/liblpc_board_ea_devkit_4088.a(board_sysinit.o)
 .debug_info    0x0000000000005f35      0x672 /Users/patdag/workspace/lpcxpresso_4088_3/lpc_chip_40xx/Debug/liblpc_chip_40xx.a(chip_17xx_40xx.o)
 .debug_info    0x00000000000065a7      0xc8d /Users/patdag/workspace/lpcxpresso_4088_3/lpc_chip_40xx/Debug/liblpc_chip_40xx.a(clock_17xx_40xx.o)
 .debug_info    0x0000000000007234      0xec6 /Users/patdag/workspace/lpcxpresso_4088_3/lpc_chip_40xx/Debug/liblpc_chip_40xx.a(emc_17xx_40xx.o)
 .debug_info    0x00000000000080fa      0x12f /Users/patdag/workspace/lpcxpresso_4088_3/lpc_chip_40xx/Debug/liblpc_chip_40xx.a(fpu_init.o)
 .debug_info    0x0000000000008229     0x105a /Users/patdag/workspace/lpcxpresso_4088_3/lpc_chip_40xx/Debug/liblpc_chip_40xx.a(i2c_17xx_40xx.o)
 .debug_info    0x0000000000009283      0x237 /Users/patdag/workspace/lpcxpresso_4088_3/lpc_chip_40xx/Debug/liblpc_chip_40xx.a(iocon_17xx_40xx.o)
 .debug_info    0x00000000000094ba      0x517 /Users/patdag/workspace/lpcxpresso_4088_3/lpc_chip_40xx/Debug/liblpc_chip_40xx.a(sysctl_17xx_40xx.o)
 .debug_info    0x00000000000099d1      0x71b /Users/patdag/workspace/lpcxpresso_4088_3/lpc_chip_40xx/Debug/liblpc_chip_40xx.a(sysinit_17xx_40xx.o)
 .debug_info    0x000000000000a0ec     0x1315 /Users/patdag/workspace/lpcxpresso_4088_3/lpc_chip_40xx/Debug/liblpc_chip_40xx.a(uart_17xx_40xx.o)
 .debug_info    0x000000000000b401      0x12d /Applications/lpcxpresso_7.4.0_229/lpcxpresso/tools/bin/../lib/gcc/arm-none-eabi/4.8.4/../../../../arm-none-eabi/lib/armv7e-m/libcr_newlib_nohost.a(_cr_sbrk.o)
 .debug_info    0x000000000000b52e       0xae /Applications/lpcxpresso_7.4.0_229/lpcxpresso/tools/bin/../lib/gcc/arm-none-eabi/4.8.4/../../../../arm-none-eabi/lib/armv7e-m/libcr_newlib_nohost.a(close.o)
 .debug_info    0x000000000000b5dc      0x22d /Applications/lpcxpresso_7.4.0_229/lpcxpresso/tools/bin/../lib/gcc/arm-none-eabi/4.8.4/../../../../arm-none-eabi/lib/armv7e-m/libcr_newlib_nohost.a(fstat.o)
 .debug_info    0x000000000000b809       0xae /Applications/lpcxpresso_7.4.0_229/lpcxpresso/tools/bin/../lib/gcc/arm-none-eabi/4.8.4/../../../../arm-none-eabi/lib/armv7e-m/libcr_newlib_nohost.a(isatty.o)
 .debug_info    0x000000000000b8b7       0xca /Applications/lpcxpresso_7.4.0_229/lpcxpresso/tools/bin/../lib/gcc/arm-none-eabi/4.8.4/../../../../arm-none-eabi/lib/armv7e-m/libcr_newlib_nohost.a(lseek.o)
 .debug_info    0x000000000000b981       0xd0 /Applications/lpcxpresso_7.4.0_229/lpcxpresso/tools/bin/../lib/gcc/arm-none-eabi/4.8.4/../../../../arm-none-eabi/lib/armv7e-m/libcr_newlib_nohost.a(read.o)
 .debug_info    0x000000000000ba51       0xd0 /Applications/lpcxpresso_7.4.0_229/lpcxpresso/tools/bin/../lib/gcc/arm-none-eabi/4.8.4/../../../../arm-none-eabi/lib/armv7e-m/libcr_newlib_nohost.a(write.o)
 .debug_info    0x000000000000bb21       0x6a /Applications/lpcxpresso_7.4.0_229/lpcxpresso/tools/bin/../lib/gcc/arm-none-eabi/4.8.4/../../../../arm-none-eabi/lib/armv7e-m/libcr_newlib_nohost.a(_cr_check_heap.o)

.debug_abbrev   0x0000000000000000     0x2634
 .debug_abbrev  0x0000000000000000      0x217 ./src/LSM303.o
 .debug_abbrev  0x0000000000000217      0x13d ./src/cr_startup_lpc407x_8x.o
 .debug_abbrev  0x0000000000000354       0x36 ./src/crp.o
 .debug_abbrev  0x000000000000038a      0x25a ./src/main.o
 .debug_abbrev  0x00000000000005e4       0xbf ./src/sysinit.o
 .debug_abbrev  0x00000000000006a3      0x4ab /Users/patdag/workspace/lpcxpresso_4088_3/lpc_board_ea_devkit_4088/Debug/liblpc_board_ea_devkit_4088.a(board.o)
 .debug_abbrev  0x0000000000000b4e      0x29d /Users/patdag/workspace/lpcxpresso_4088_3/lpc_board_ea_devkit_4088/Debug/liblpc_board_ea_devkit_4088.a(board_sysinit.o)
 .debug_abbrev  0x0000000000000deb      0x1e5 /Users/patdag/workspace/lpcxpresso_4088_3/lpc_chip_40xx/Debug/liblpc_chip_40xx.a(chip_17xx_40xx.o)
 .debug_abbrev  0x0000000000000fd0      0x2f1 /Users/patdag/workspace/lpcxpresso_4088_3/lpc_chip_40xx/Debug/liblpc_chip_40xx.a(clock_17xx_40xx.o)
 .debug_abbrev  0x00000000000012c1      0x255 /Users/patdag/workspace/lpcxpresso_4088_3/lpc_chip_40xx/Debug/liblpc_chip_40xx.a(emc_17xx_40xx.o)
 .debug_abbrev  0x0000000000001516       0xa2 /Users/patdag/workspace/lpcxpresso_4088_3/lpc_chip_40xx/Debug/liblpc_chip_40xx.a(fpu_init.o)
 .debug_abbrev  0x00000000000015b8      0x38b /Users/patdag/workspace/lpcxpresso_4088_3/lpc_chip_40xx/Debug/liblpc_chip_40xx.a(i2c_17xx_40xx.o)
 .debug_abbrev  0x0000000000001943      0x13e /Users/patdag/workspace/lpcxpresso_4088_3/lpc_chip_40xx/Debug/liblpc_chip_40xx.a(iocon_17xx_40xx.o)
 .debug_abbrev  0x0000000000001a81      0x158 /Users/patdag/workspace/lpcxpresso_4088_3/lpc_chip_40xx/Debug/liblpc_chip_40xx.a(sysctl_17xx_40xx.o)
 .debug_abbrev  0x0000000000001bd9      0x1f2 /Users/patdag/workspace/lpcxpresso_4088_3/lpc_chip_40xx/Debug/liblpc_chip_40xx.a(sysinit_17xx_40xx.o)
 .debug_abbrev  0x0000000000001dcb      0x3ec /Users/patdag/workspace/lpcxpresso_4088_3/lpc_chip_40xx/Debug/liblpc_chip_40xx.a(uart_17xx_40xx.o)
 .debug_abbrev  0x00000000000021b7       0xf6 /Applications/lpcxpresso_7.4.0_229/lpcxpresso/tools/bin/../lib/gcc/arm-none-eabi/4.8.4/../../../../arm-none-eabi/lib/armv7e-m/libcr_newlib_nohost.a(_cr_sbrk.o)
 .debug_abbrev  0x00000000000022ad       0x66 /Applications/lpcxpresso_7.4.0_229/lpcxpresso/tools/bin/../lib/gcc/arm-none-eabi/4.8.4/../../../../arm-none-eabi/lib/armv7e-m/libcr_newlib_nohost.a(close.o)
 .debug_abbrev  0x0000000000002313       0xbb /Applications/lpcxpresso_7.4.0_229/lpcxpresso/tools/bin/../lib/gcc/arm-none-eabi/4.8.4/../../../../arm-none-eabi/lib/armv7e-m/libcr_newlib_nohost.a(fstat.o)
 .debug_abbrev  0x00000000000023ce       0x66 /Applications/lpcxpresso_7.4.0_229/lpcxpresso/tools/bin/../lib/gcc/arm-none-eabi/4.8.4/../../../../arm-none-eabi/lib/armv7e-m/libcr_newlib_nohost.a(isatty.o)
 .debug_abbrev  0x0000000000002434       0x84 /Applications/lpcxpresso_7.4.0_229/lpcxpresso/tools/bin/../lib/gcc/arm-none-eabi/4.8.4/../../../../arm-none-eabi/lib/armv7e-m/libcr_newlib_nohost.a(lseek.o)
 .debug_abbrev  0x00000000000024b8       0x8d /Applications/lpcxpresso_7.4.0_229/lpcxpresso/tools/bin/../lib/gcc/arm-none-eabi/4.8.4/../../../../arm-none-eabi/lib/armv7e-m/libcr_newlib_nohost.a(read.o)
 .debug_abbrev  0x0000000000002545       0x8d /Applications/lpcxpresso_7.4.0_229/lpcxpresso/tools/bin/../lib/gcc/arm-none-eabi/4.8.4/../../../../arm-none-eabi/lib/armv7e-m/libcr_newlib_nohost.a(write.o)
 .debug_abbrev  0x00000000000025d2       0x62 /Applications/lpcxpresso_7.4.0_229/lpcxpresso/tools/bin/../lib/gcc/arm-none-eabi/4.8.4/../../../../arm-none-eabi/lib/armv7e-m/libcr_newlib_nohost.a(_cr_check_heap.o)

.debug_loc      0x0000000000000000     0x3aae
 .debug_loc     0x0000000000000000      0x3d3 ./src/LSM303.o
 .debug_loc     0x00000000000003d3      0x1d1 ./src/cr_startup_lpc407x_8x.o
 .debug_loc     0x00000000000005a4       0x1e ./src/main.o
 .debug_loc     0x00000000000005c2     0x1268 /Users/patdag/workspace/lpcxpresso_4088_3/lpc_board_ea_devkit_4088/Debug/liblpc_board_ea_devkit_4088.a(board.o)
 .debug_loc     0x000000000000182a       0xeb /Users/patdag/workspace/lpcxpresso_4088_3/lpc_board_ea_devkit_4088/Debug/liblpc_board_ea_devkit_4088.a(board_sysinit.o)
 .debug_loc     0x0000000000001915      0x42b /Users/patdag/workspace/lpcxpresso_4088_3/lpc_chip_40xx/Debug/liblpc_chip_40xx.a(clock_17xx_40xx.o)
 .debug_loc     0x0000000000001d40      0x41f /Users/patdag/workspace/lpcxpresso_4088_3/lpc_chip_40xx/Debug/liblpc_chip_40xx.a(emc_17xx_40xx.o)
 .debug_loc     0x000000000000215f       0x1f /Users/patdag/workspace/lpcxpresso_4088_3/lpc_chip_40xx/Debug/liblpc_chip_40xx.a(fpu_init.o)
 .debug_loc     0x000000000000217e      0xaee /Users/patdag/workspace/lpcxpresso_4088_3/lpc_chip_40xx/Debug/liblpc_chip_40xx.a(i2c_17xx_40xx.o)
 .debug_loc     0x0000000000002c6c       0xb1 /Users/patdag/workspace/lpcxpresso_4088_3/lpc_chip_40xx/Debug/liblpc_chip_40xx.a(iocon_17xx_40xx.o)
 .debug_loc     0x0000000000002d1d       0x6c /Users/patdag/workspace/lpcxpresso_4088_3/lpc_chip_40xx/Debug/liblpc_chip_40xx.a(sysctl_17xx_40xx.o)
 .debug_loc     0x0000000000002d89      0xb7b /Users/patdag/workspace/lpcxpresso_4088_3/lpc_chip_40xx/Debug/liblpc_chip_40xx.a(uart_17xx_40xx.o)
 .debug_loc     0x0000000000003904       0x47 /Applications/lpcxpresso_7.4.0_229/lpcxpresso/tools/bin/../lib/gcc/arm-none-eabi/4.8.4/../../../../arm-none-eabi/lib/armv7e-m/libcr_newlib_nohost.a(_cr_sbrk.o)
 .debug_loc     0x000000000000394b       0x21 /Applications/lpcxpresso_7.4.0_229/lpcxpresso/tools/bin/../lib/gcc/arm-none-eabi/4.8.4/../../../../arm-none-eabi/lib/armv7e-m/libcr_newlib_nohost.a(close.o)
 .debug_loc     0x000000000000396c       0x21 /Applications/lpcxpresso_7.4.0_229/lpcxpresso/tools/bin/../lib/gcc/arm-none-eabi/4.8.4/../../../../arm-none-eabi/lib/armv7e-m/libcr_newlib_nohost.a(fstat.o)
 .debug_loc     0x000000000000398d       0x21 /Applications/lpcxpresso_7.4.0_229/lpcxpresso/tools/bin/../lib/gcc/arm-none-eabi/4.8.4/../../../../arm-none-eabi/lib/armv7e-m/libcr_newlib_nohost.a(isatty.o)
 .debug_loc     0x00000000000039ae       0x42 /Applications/lpcxpresso_7.4.0_229/lpcxpresso/tools/bin/../lib/gcc/arm-none-eabi/4.8.4/../../../../arm-none-eabi/lib/armv7e-m/libcr_newlib_nohost.a(lseek.o)
 .debug_loc     0x00000000000039f0       0x42 /Applications/lpcxpresso_7.4.0_229/lpcxpresso/tools/bin/../lib/gcc/arm-none-eabi/4.8.4/../../../../arm-none-eabi/lib/armv7e-m/libcr_newlib_nohost.a(read.o)
 .debug_loc     0x0000000000003a32       0x42 /Applications/lpcxpresso_7.4.0_229/lpcxpresso/tools/bin/../lib/gcc/arm-none-eabi/4.8.4/../../../../arm-none-eabi/lib/armv7e-m/libcr_newlib_nohost.a(write.o)
 .debug_loc     0x0000000000003a74       0x3a /Applications/lpcxpresso_7.4.0_229/lpcxpresso/tools/bin/../lib/gcc/arm-none-eabi/4.8.4/../../../../arm-none-eabi/lib/armv7e-m/libcr_newlib_nohost.a(_cr_check_heap.o)

.debug_aranges  0x0000000000000000      0x770
 .debug_aranges
                0x0000000000000000       0x80 ./src/LSM303.o
 .debug_aranges
                0x0000000000000080       0x80 ./src/cr_startup_lpc407x_8x.o
 .debug_aranges
                0x0000000000000100       0x18 ./src/crp.o
 .debug_aranges
                0x0000000000000118       0x20 ./src/main.o
 .debug_aranges
                0x0000000000000138       0x20 ./src/sysinit.o
 .debug_aranges
                0x0000000000000158      0x148 /Users/patdag/workspace/lpcxpresso_4088_3/lpc_board_ea_devkit_4088/Debug/liblpc_board_ea_devkit_4088.a(board.o)
 .debug_aranges
                0x00000000000002a0       0x38 /Users/patdag/workspace/lpcxpresso_4088_3/lpc_board_ea_devkit_4088/Debug/liblpc_board_ea_devkit_4088.a(board_sysinit.o)
 .debug_aranges
                0x00000000000002d8       0x28 /Users/patdag/workspace/lpcxpresso_4088_3/lpc_chip_40xx/Debug/liblpc_chip_40xx.a(chip_17xx_40xx.o)
 .debug_aranges
                0x0000000000000300       0xd8 /Users/patdag/workspace/lpcxpresso_4088_3/lpc_chip_40xx/Debug/liblpc_chip_40xx.a(clock_17xx_40xx.o)
 .debug_aranges
                0x00000000000003d8       0x70 /Users/patdag/workspace/lpcxpresso_4088_3/lpc_chip_40xx/Debug/liblpc_chip_40xx.a(emc_17xx_40xx.o)
 .debug_aranges
                0x0000000000000448       0x20 /Users/patdag/workspace/lpcxpresso_4088_3/lpc_chip_40xx/Debug/liblpc_chip_40xx.a(fpu_init.o)
 .debug_aranges
                0x0000000000000468       0xd8 /Users/patdag/workspace/lpcxpresso_4088_3/lpc_chip_40xx/Debug/liblpc_chip_40xx.a(i2c_17xx_40xx.o)
 .debug_aranges
                0x0000000000000540       0x20 /Users/patdag/workspace/lpcxpresso_4088_3/lpc_chip_40xx/Debug/liblpc_chip_40xx.a(iocon_17xx_40xx.o)
 .debug_aranges
                0x0000000000000560       0x28 /Users/patdag/workspace/lpcxpresso_4088_3/lpc_chip_40xx/Debug/liblpc_chip_40xx.a(sysctl_17xx_40xx.o)
 .debug_aranges
                0x0000000000000588       0x30 /Users/patdag/workspace/lpcxpresso_4088_3/lpc_chip_40xx/Debug/liblpc_chip_40xx.a(sysinit_17xx_40xx.o)
 .debug_aranges
                0x00000000000005b8       0xb8 /Users/patdag/workspace/lpcxpresso_4088_3/lpc_chip_40xx/Debug/liblpc_chip_40xx.a(uart_17xx_40xx.o)
 .debug_aranges
                0x0000000000000670       0x20 /Applications/lpcxpresso_7.4.0_229/lpcxpresso/tools/bin/../lib/gcc/arm-none-eabi/4.8.4/../../../../arm-none-eabi/lib/armv7e-m/libcr_newlib_nohost.a(_cr_sbrk.o)
 .debug_aranges
                0x0000000000000690       0x20 /Applications/lpcxpresso_7.4.0_229/lpcxpresso/tools/bin/../lib/gcc/arm-none-eabi/4.8.4/../../../../arm-none-eabi/lib/armv7e-m/libcr_newlib_nohost.a(close.o)
 .debug_aranges
                0x00000000000006b0       0x20 /Applications/lpcxpresso_7.4.0_229/lpcxpresso/tools/bin/../lib/gcc/arm-none-eabi/4.8.4/../../../../arm-none-eabi/lib/armv7e-m/libcr_newlib_nohost.a(fstat.o)
 .debug_aranges
                0x00000000000006d0       0x20 /Applications/lpcxpresso_7.4.0_229/lpcxpresso/tools/bin/../lib/gcc/arm-none-eabi/4.8.4/../../../../arm-none-eabi/lib/armv7e-m/libcr_newlib_nohost.a(isatty.o)
 .debug_aranges
                0x00000000000006f0       0x20 /Applications/lpcxpresso_7.4.0_229/lpcxpresso/tools/bin/../lib/gcc/arm-none-eabi/4.8.4/../../../../arm-none-eabi/lib/armv7e-m/libcr_newlib_nohost.a(lseek.o)
 .debug_aranges
                0x0000000000000710       0x20 /Applications/lpcxpresso_7.4.0_229/lpcxpresso/tools/bin/../lib/gcc/arm-none-eabi/4.8.4/../../../../arm-none-eabi/lib/armv7e-m/libcr_newlib_nohost.a(read.o)
 .debug_aranges
                0x0000000000000730       0x20 /Applications/lpcxpresso_7.4.0_229/lpcxpresso/tools/bin/../lib/gcc/arm-none-eabi/4.8.4/../../../../arm-none-eabi/lib/armv7e-m/libcr_newlib_nohost.a(write.o)
 .debug_aranges
                0x0000000000000750       0x20 /Applications/lpcxpresso_7.4.0_229/lpcxpresso/tools/bin/../lib/gcc/arm-none-eabi/4.8.4/../../../../arm-none-eabi/lib/armv7e-m/libcr_newlib_nohost.a(_cr_check_heap.o)

.debug_ranges   0x0000000000000000      0x668
 .debug_ranges  0x0000000000000000       0x70 ./src/LSM303.o
 .debug_ranges  0x0000000000000070       0x70 ./src/cr_startup_lpc407x_8x.o
 .debug_ranges  0x00000000000000e0       0x10 ./src/main.o
 .debug_ranges  0x00000000000000f0       0x10 ./src/sysinit.o
 .debug_ranges  0x0000000000000100      0x198 /Users/patdag/workspace/lpcxpresso_4088_3/lpc_board_ea_devkit_4088/Debug/liblpc_board_ea_devkit_4088.a(board.o)
 .debug_ranges  0x0000000000000298       0x48 /Users/patdag/workspace/lpcxpresso_4088_3/lpc_board_ea_devkit_4088/Debug/liblpc_board_ea_devkit_4088.a(board_sysinit.o)
 .debug_ranges  0x00000000000002e0       0x18 /Users/patdag/workspace/lpcxpresso_4088_3/lpc_chip_40xx/Debug/liblpc_chip_40xx.a(chip_17xx_40xx.o)
 .debug_ranges  0x00000000000002f8       0xc8 /Users/patdag/workspace/lpcxpresso_4088_3/lpc_chip_40xx/Debug/liblpc_chip_40xx.a(clock_17xx_40xx.o)
 .debug_ranges  0x00000000000003c0       0x60 /Users/patdag/workspace/lpcxpresso_4088_3/lpc_chip_40xx/Debug/liblpc_chip_40xx.a(emc_17xx_40xx.o)
 .debug_ranges  0x0000000000000420       0x10 /Users/patdag/workspace/lpcxpresso_4088_3/lpc_chip_40xx/Debug/liblpc_chip_40xx.a(fpu_init.o)
 .debug_ranges  0x0000000000000430       0xc8 /Users/patdag/workspace/lpcxpresso_4088_3/lpc_chip_40xx/Debug/liblpc_chip_40xx.a(i2c_17xx_40xx.o)
 .debug_ranges  0x00000000000004f8       0x10 /Users/patdag/workspace/lpcxpresso_4088_3/lpc_chip_40xx/Debug/liblpc_chip_40xx.a(iocon_17xx_40xx.o)
 .debug_ranges  0x0000000000000508       0x18 /Users/patdag/workspace/lpcxpresso_4088_3/lpc_chip_40xx/Debug/liblpc_chip_40xx.a(sysctl_17xx_40xx.o)
 .debug_ranges  0x0000000000000520       0x20 /Users/patdag/workspace/lpcxpresso_4088_3/lpc_chip_40xx/Debug/liblpc_chip_40xx.a(sysinit_17xx_40xx.o)
 .debug_ranges  0x0000000000000540       0xa8 /Users/patdag/workspace/lpcxpresso_4088_3/lpc_chip_40xx/Debug/liblpc_chip_40xx.a(uart_17xx_40xx.o)
 .debug_ranges  0x00000000000005e8       0x10 /Applications/lpcxpresso_7.4.0_229/lpcxpresso/tools/bin/../lib/gcc/arm-none-eabi/4.8.4/../../../../arm-none-eabi/lib/armv7e-m/libcr_newlib_nohost.a(_cr_sbrk.o)
 .debug_ranges  0x00000000000005f8       0x10 /Applications/lpcxpresso_7.4.0_229/lpcxpresso/tools/bin/../lib/gcc/arm-none-eabi/4.8.4/../../../../arm-none-eabi/lib/armv7e-m/libcr_newlib_nohost.a(close.o)
 .debug_ranges  0x0000000000000608       0x10 /Applications/lpcxpresso_7.4.0_229/lpcxpresso/tools/bin/../lib/gcc/arm-none-eabi/4.8.4/../../../../arm-none-eabi/lib/armv7e-m/libcr_newlib_nohost.a(fstat.o)
 .debug_ranges  0x0000000000000618       0x10 /Applications/lpcxpresso_7.4.0_229/lpcxpresso/tools/bin/../lib/gcc/arm-none-eabi/4.8.4/../../../../arm-none-eabi/lib/armv7e-m/libcr_newlib_nohost.a(isatty.o)
 .debug_ranges  0x0000000000000628       0x10 /Applications/lpcxpresso_7.4.0_229/lpcxpresso/tools/bin/../lib/gcc/arm-none-eabi/4.8.4/../../../../arm-none-eabi/lib/armv7e-m/libcr_newlib_nohost.a(lseek.o)
 .debug_ranges  0x0000000000000638       0x10 /Applications/lpcxpresso_7.4.0_229/lpcxpresso/tools/bin/../lib/gcc/arm-none-eabi/4.8.4/../../../../arm-none-eabi/lib/armv7e-m/libcr_newlib_nohost.a(read.o)
 .debug_ranges  0x0000000000000648       0x10 /Applications/lpcxpresso_7.4.0_229/lpcxpresso/tools/bin/../lib/gcc/arm-none-eabi/4.8.4/../../../../arm-none-eabi/lib/armv7e-m/libcr_newlib_nohost.a(write.o)
 .debug_ranges  0x0000000000000658       0x10 /Applications/lpcxpresso_7.4.0_229/lpcxpresso/tools/bin/../lib/gcc/arm-none-eabi/4.8.4/../../../../arm-none-eabi/lib/armv7e-m/libcr_newlib_nohost.a(_cr_check_heap.o)

.debug_macro    0x0000000000000000     0xa299
 .debug_macro   0x0000000000000000      0x122 ./src/LSM303.o
 .debug_macro   0x0000000000000122      0x8a4 ./src/LSM303.o
 .debug_macro   0x00000000000009c6       0xef ./src/LSM303.o
 .debug_macro   0x0000000000000ab5      0x329 ./src/LSM303.o
 .debug_macro   0x0000000000000dde       0x1c ./src/LSM303.o
 .debug_macro   0x0000000000000dfa       0x16 ./src/LSM303.o
 .debug_macro   0x0000000000000e10       0x44 ./src/LSM303.o
 .debug_macro   0x0000000000000e54      0x209 ./src/LSM303.o
 .debug_macro   0x000000000000105d      0x21b ./src/LSM303.o
 .debug_macro   0x0000000000001278       0x58 ./src/LSM303.o
 .debug_macro   0x00000000000012d0       0x35 ./src/LSM303.o
 .debug_macro   0x0000000000001305       0xa3 ./src/LSM303.o
 .debug_macro   0x00000000000013a8      0x174 ./src/LSM303.o
 .debug_macro   0x000000000000151c       0x52 ./src/LSM303.o
 .debug_macro   0x000000000000156e       0x16 ./src/LSM303.o
 .debug_macro   0x0000000000001584       0x43 ./src/LSM303.o
 .debug_macro   0x00000000000015c7      0x180 ./src/LSM303.o
 .debug_macro   0x0000000000001747       0xd7 ./src/LSM303.o
 .debug_macro   0x000000000000181e      0x196 ./src/LSM303.o
 .debug_macro   0x00000000000019b4       0x1d ./src/cr_startup_lpc407x_8x.o
 .debug_macro   0x00000000000019d1       0x1a ./src/crp.o
 .debug_macro   0x00000000000019eb      0x874 ./src/crp.o
 .debug_macro   0x000000000000225f       0x34 ./src/crp.o
 .debug_macro   0x0000000000002293      0x3bd ./src/main.o
 .debug_macro   0x0000000000002650       0x28 ./src/main.o
 .debug_macro   0x0000000000002678       0x7b ./src/main.o
 .debug_macro   0x00000000000026f3       0x16 ./src/main.o
 .debug_macro   0x0000000000002709       0x2d ./src/main.o
 .debug_macro   0x0000000000002736       0x3b ./src/main.o
 .debug_macro   0x0000000000002771       0x2d ./src/main.o
 .debug_macro   0x000000000000279e       0x42 ./src/main.o
 .debug_macro   0x00000000000027e0      0xd39 ./src/main.o
 .debug_macro   0x0000000000003519      0x295 ./src/main.o
 .debug_macro   0x00000000000037ae       0x50 ./src/main.o
 .debug_macro   0x00000000000037fe       0x34 ./src/main.o
 .debug_macro   0x0000000000003832      0x152 ./src/main.o
 .debug_macro   0x0000000000003984       0x82 ./src/main.o
 .debug_macro   0x0000000000003a06      0x48c ./src/main.o
 .debug_macro   0x0000000000003e92      0x12d ./src/main.o
 .debug_macro   0x0000000000003fbf       0x6a ./src/main.o
 .debug_macro   0x0000000000004029       0x34 ./src/main.o
 .debug_macro   0x000000000000405d       0x58 ./src/main.o
 .debug_macro   0x00000000000040b5      0x236 ./src/main.o
 .debug_macro   0x00000000000042eb      0x4c5 ./src/main.o
 .debug_macro   0x00000000000047b0      0x1da ./src/main.o
 .debug_macro   0x000000000000498a       0x10 ./src/main.o
 .debug_macro   0x000000000000499a      0x1b9 ./src/main.o
 .debug_macro   0x0000000000004b53       0x2e ./src/main.o
 .debug_macro   0x0000000000004b81       0x40 ./src/main.o
 .debug_macro   0x0000000000004bc1      0x209 ./src/main.o
 .debug_macro   0x0000000000004dca      0x2b3 ./src/main.o
 .debug_macro   0x000000000000507d      0x34c ./src/main.o
 .debug_macro   0x00000000000053c9       0xb2 ./src/main.o
 .debug_macro   0x000000000000547b       0x16 ./src/main.o
 .debug_macro   0x0000000000005491       0xb8 ./src/main.o
 .debug_macro   0x0000000000005549       0x4c ./src/main.o
 .debug_macro   0x0000000000005595       0x16 ./src/main.o
 .debug_macro   0x00000000000055ab      0x328 ./src/main.o
 .debug_macro   0x00000000000058d3       0x3a ./src/main.o
 .debug_macro   0x000000000000590d       0x16 ./src/main.o
 .debug_macro   0x0000000000005923       0xca ./src/main.o
 .debug_macro   0x00000000000059ed       0x18 ./src/main.o
 .debug_macro   0x0000000000005a05       0x16 ./src/main.o
 .debug_macro   0x0000000000005a1b       0x8e ./src/main.o
 .debug_macro   0x0000000000005aa9      0x124 ./src/main.o
 .debug_macro   0x0000000000005bcd       0x6c ./src/main.o
 .debug_macro   0x0000000000005c39       0x16 ./src/main.o
 .debug_macro   0x0000000000005c4f       0x97 ./src/main.o
 .debug_macro   0x0000000000005ce6       0x10 ./src/main.o
 .debug_macro   0x0000000000005cf6       0xfd ./src/main.o
 .debug_macro   0x0000000000005df3       0x10 ./src/main.o
 .debug_macro   0x0000000000005e03       0x22 ./src/main.o
 .debug_macro   0x0000000000005e25       0xbd ./src/main.o
 .debug_macro   0x0000000000005ee2       0x16 ./src/main.o
 .debug_macro   0x0000000000005ef8      0x14a ./src/main.o
 .debug_macro   0x0000000000006042       0x20 ./src/main.o
 .debug_macro   0x0000000000006062       0x2e ./src/main.o
 .debug_macro   0x0000000000006090       0x82 ./src/main.o
 .debug_macro   0x0000000000006112      0x351 ./src/sysinit.o
 .debug_macro   0x0000000000006463       0x22 ./src/sysinit.o
 .debug_macro   0x0000000000006485      0xd39 ./src/sysinit.o
 .debug_macro   0x00000000000071be       0xa2 ./src/sysinit.o
 .debug_macro   0x0000000000007260       0x97 ./src/sysinit.o
 .debug_macro   0x00000000000072f7       0xef ./src/sysinit.o
 .debug_macro   0x00000000000073e6       0x43 ./src/sysinit.o
 .debug_macro   0x0000000000007429      0x16c ./src/sysinit.o
 .debug_macro   0x0000000000007595      0x4b1 /Users/patdag/workspace/lpcxpresso_4088_3/lpc_board_ea_devkit_4088/Debug/liblpc_board_ea_devkit_4088.a(board.o)
 .debug_macro   0x0000000000007a46      0x868 /Users/patdag/workspace/lpcxpresso_4088_3/lpc_board_ea_devkit_4088/Debug/liblpc_board_ea_devkit_4088.a(board.o)
 .debug_macro   0x00000000000082ae      0x2a6 /Users/patdag/workspace/lpcxpresso_4088_3/lpc_board_ea_devkit_4088/Debug/liblpc_board_ea_devkit_4088.a(board.o)
 .debug_macro   0x0000000000008554       0x10 /Users/patdag/workspace/lpcxpresso_4088_3/lpc_board_ea_devkit_4088/Debug/liblpc_board_ea_devkit_4088.a(board.o)
 .debug_macro   0x0000000000008564       0x35 /Users/patdag/workspace/lpcxpresso_4088_3/lpc_board_ea_devkit_4088/Debug/liblpc_board_ea_devkit_4088.a(board.o)
 .debug_macro   0x0000000000008599       0x1f /Users/patdag/workspace/lpcxpresso_4088_3/lpc_board_ea_devkit_4088/Debug/liblpc_board_ea_devkit_4088.a(board.o)
 .debug_macro   0x00000000000085b8       0x12 /Users/patdag/workspace/lpcxpresso_4088_3/lpc_board_ea_devkit_4088/Debug/liblpc_board_ea_devkit_4088.a(board.o)
 .debug_macro   0x00000000000085ca      0x357 /Users/patdag/workspace/lpcxpresso_4088_3/lpc_board_ea_devkit_4088/Debug/liblpc_board_ea_devkit_4088.a(board_sysinit.o)
 .debug_macro   0x0000000000008921      0x232 /Users/patdag/workspace/lpcxpresso_4088_3/lpc_chip_40xx/Debug/liblpc_chip_40xx.a(chip_17xx_40xx.o)
 .debug_macro   0x0000000000008b53      0x232 /Users/patdag/workspace/lpcxpresso_4088_3/lpc_chip_40xx/Debug/liblpc_chip_40xx.a(clock_17xx_40xx.o)
 .debug_macro   0x0000000000008d85      0x238 /Users/patdag/workspace/lpcxpresso_4088_3/lpc_chip_40xx/Debug/liblpc_chip_40xx.a(emc_17xx_40xx.o)
 .debug_macro   0x0000000000008fbd       0xbf /Users/patdag/workspace/lpcxpresso_4088_3/lpc_chip_40xx/Debug/liblpc_chip_40xx.a(fpu_init.o)
 .debug_macro   0x000000000000907c       0x10 /Users/patdag/workspace/lpcxpresso_4088_3/lpc_chip_40xx/Debug/liblpc_chip_40xx.a(fpu_init.o)
 .debug_macro   0x000000000000908c      0x12d /Users/patdag/workspace/lpcxpresso_4088_3/lpc_chip_40xx/Debug/liblpc_chip_40xx.a(fpu_init.o)
 .debug_macro   0x00000000000091b9      0x5b2 /Users/patdag/workspace/lpcxpresso_4088_3/lpc_chip_40xx/Debug/liblpc_chip_40xx.a(fpu_init.o)
 .debug_macro   0x000000000000976b       0x22 /Users/patdag/workspace/lpcxpresso_4088_3/lpc_chip_40xx/Debug/liblpc_chip_40xx.a(fpu_init.o)
 .debug_macro   0x000000000000978d      0x244 /Users/patdag/workspace/lpcxpresso_4088_3/lpc_chip_40xx/Debug/liblpc_chip_40xx.a(i2c_17xx_40xx.o)
 .debug_macro   0x00000000000099d1      0x232 /Users/patdag/workspace/lpcxpresso_4088_3/lpc_chip_40xx/Debug/liblpc_chip_40xx.a(iocon_17xx_40xx.o)
 .debug_macro   0x0000000000009c03      0x232 /Users/patdag/workspace/lpcxpresso_4088_3/lpc_chip_40xx/Debug/liblpc_chip_40xx.a(sysctl_17xx_40xx.o)
 .debug_macro   0x0000000000009e35      0x232 /Users/patdag/workspace/lpcxpresso_4088_3/lpc_chip_40xx/Debug/liblpc_chip_40xx.a(sysinit_17xx_40xx.o)
 .debug_macro   0x000000000000a067      0x232 /Users/patdag/workspace/lpcxpresso_4088_3/lpc_chip_40xx/Debug/liblpc_chip_40xx.a(uart_17xx_40xx.o)

.debug_line     0x0000000000000000     0x635a
 .debug_line    0x0000000000000000      0x4a4 ./src/LSM303.o
 .debug_line    0x00000000000004a4       0xb2 ./src/cr_startup_lpc407x_8x.o
 .debug_line    0x0000000000000556       0x84 ./src/crp.o
 .debug_line    0x00000000000005da      0x813 ./src/main.o
 .debug_line    0x0000000000000ded      0x6aa ./src/sysinit.o
 .debug_line    0x0000000000001497      0xce9 /Users/patdag/workspace/lpcxpresso_4088_3/lpc_board_ea_devkit_4088/Debug/liblpc_board_ea_devkit_4088.a(board.o)
 .debug_line    0x0000000000002180      0x751 /Users/patdag/workspace/lpcxpresso_4088_3/lpc_board_ea_devkit_4088/Debug/liblpc_board_ea_devkit_4088.a(board_sysinit.o)
 .debug_line    0x00000000000028d1      0x57f /Users/patdag/workspace/lpcxpresso_4088_3/lpc_chip_40xx/Debug/liblpc_chip_40xx.a(chip_17xx_40xx.o)
 .debug_line    0x0000000000002e50      0x7bc /Users/patdag/workspace/lpcxpresso_4088_3/lpc_chip_40xx/Debug/liblpc_chip_40xx.a(clock_17xx_40xx.o)
 .debug_line    0x000000000000360c      0x6d2 /Users/patdag/workspace/lpcxpresso_4088_3/lpc_chip_40xx/Debug/liblpc_chip_40xx.a(emc_17xx_40xx.o)
 .debug_line    0x0000000000003cde      0x1ea /Users/patdag/workspace/lpcxpresso_4088_3/lpc_chip_40xx/Debug/liblpc_chip_40xx.a(fpu_init.o)
 .debug_line    0x0000000000003ec8      0x82a /Users/patdag/workspace/lpcxpresso_4088_3/lpc_chip_40xx/Debug/liblpc_chip_40xx.a(i2c_17xx_40xx.o)
 .debug_line    0x00000000000046f2      0x577 /Users/patdag/workspace/lpcxpresso_4088_3/lpc_chip_40xx/Debug/liblpc_chip_40xx.a(iocon_17xx_40xx.o)
 .debug_line    0x0000000000004c69      0x56b /Users/patdag/workspace/lpcxpresso_4088_3/lpc_chip_40xx/Debug/liblpc_chip_40xx.a(sysctl_17xx_40xx.o)
 .debug_line    0x00000000000051d4      0x603 /Users/patdag/workspace/lpcxpresso_4088_3/lpc_chip_40xx/Debug/liblpc_chip_40xx.a(sysinit_17xx_40xx.o)
 .debug_line    0x00000000000057d7      0x84d /Users/patdag/workspace/lpcxpresso_4088_3/lpc_chip_40xx/Debug/liblpc_chip_40xx.a(uart_17xx_40xx.o)
 .debug_line    0x0000000000006024      0x101 /Applications/lpcxpresso_7.4.0_229/lpcxpresso/tools/bin/../lib/gcc/arm-none-eabi/4.8.4/../../../../arm-none-eabi/lib/armv7e-m/libcr_newlib_nohost.a(_cr_sbrk.o)
 .debug_line    0x0000000000006125       0x40 /Applications/lpcxpresso_7.4.0_229/lpcxpresso/tools/bin/../lib/gcc/arm-none-eabi/4.8.4/../../../../arm-none-eabi/lib/armv7e-m/libcr_newlib_nohost.a(close.o)
 .debug_line    0x0000000000006165       0xa8 /Applications/lpcxpresso_7.4.0_229/lpcxpresso/tools/bin/../lib/gcc/arm-none-eabi/4.8.4/../../../../arm-none-eabi/lib/armv7e-m/libcr_newlib_nohost.a(fstat.o)
 .debug_line    0x000000000000620d       0x41 /Applications/lpcxpresso_7.4.0_229/lpcxpresso/tools/bin/../lib/gcc/arm-none-eabi/4.8.4/../../../../arm-none-eabi/lib/armv7e-m/libcr_newlib_nohost.a(isatty.o)
 .debug_line    0x000000000000624e       0x40 /Applications/lpcxpresso_7.4.0_229/lpcxpresso/tools/bin/../lib/gcc/arm-none-eabi/4.8.4/../../../../arm-none-eabi/lib/armv7e-m/libcr_newlib_nohost.a(lseek.o)
 .debug_line    0x000000000000628e       0x3f /Applications/lpcxpresso_7.4.0_229/lpcxpresso/tools/bin/../lib/gcc/arm-none-eabi/4.8.4/../../../../arm-none-eabi/lib/armv7e-m/libcr_newlib_nohost.a(read.o)
 .debug_line    0x00000000000062cd       0x40 /Applications/lpcxpresso_7.4.0_229/lpcxpresso/tools/bin/../lib/gcc/arm-none-eabi/4.8.4/../../../../arm-none-eabi/lib/armv7e-m/libcr_newlib_nohost.a(write.o)
 .debug_line    0x000000000000630d       0x4d /Applications/lpcxpresso_7.4.0_229/lpcxpresso/tools/bin/../lib/gcc/arm-none-eabi/4.8.4/../../../../arm-none-eabi/lib/armv7e-m/libcr_newlib_nohost.a(_cr_check_heap.o)

.debug_str      0x0000000000000000    0x207c8
 .debug_str     0x0000000000000000     0x6c76 ./src/LSM303.o
                                       0x6f93 (size before relaxing)
 .debug_str     0x0000000000006c76      0x203 ./src/cr_startup_lpc407x_8x.o
                                       0x2735 (size before relaxing)
 .debug_str     0x0000000000006e79      0x2b3 ./src/crp.o
                                       0x2560 (size before relaxing)
 .debug_str     0x000000000000712c    0x13597 ./src/main.o
                                      0x1a542 (size before relaxing)
 .debug_str     0x000000000001a6c3      0x20a ./src/sysinit.o
                                      0x180dc (size before relaxing)
 .debug_str     0x000000000001a8cd     0x267c /Users/patdag/workspace/lpcxpresso_4088_3/lpc_board_ea_devkit_4088/Debug/liblpc_board_ea_devkit_4088.a(board.o)
                                      0x1a7be (size before relaxing)
 .debug_str     0x000000000001cf49      0x93b /Users/patdag/workspace/lpcxpresso_4088_3/lpc_board_ea_devkit_4088/Debug/liblpc_board_ea_devkit_4088.a(board_sysinit.o)
                                      0x18d33 (size before relaxing)
 .debug_str     0x000000000001d884      0x150 /Users/patdag/workspace/lpcxpresso_4088_3/lpc_chip_40xx/Debug/liblpc_chip_40xx.a(chip_17xx_40xx.o)
                                      0x15c05 (size before relaxing)
 .debug_str     0x000000000001d9d4      0x579 /Users/patdag/workspace/lpcxpresso_4088_3/lpc_chip_40xx/Debug/liblpc_chip_40xx.a(clock_17xx_40xx.o)
                                      0x16029 (size before relaxing)
 .debug_str     0x000000000001df4d      0x46c /Users/patdag/workspace/lpcxpresso_4088_3/lpc_chip_40xx/Debug/liblpc_chip_40xx.a(emc_17xx_40xx.o)
                                      0x15c01 (size before relaxing)
 .debug_str     0x000000000001e3b9     0x1778 /Users/patdag/workspace/lpcxpresso_4088_3/lpc_chip_40xx/Debug/liblpc_chip_40xx.a(fpu_init.o)
                                       0x987b (size before relaxing)
 .debug_str     0x000000000001fb31      0x486 /Users/patdag/workspace/lpcxpresso_4088_3/lpc_chip_40xx/Debug/liblpc_chip_40xx.a(i2c_17xx_40xx.o)
                                      0x15f75 (size before relaxing)
 .debug_str     0x000000000001ffb7       0x2e /Users/patdag/workspace/lpcxpresso_4088_3/lpc_chip_40xx/Debug/liblpc_chip_40xx.a(iocon_17xx_40xx.o)
                                      0x15543 (size before relaxing)
 .debug_str     0x000000000001ffe5       0x5b /Users/patdag/workspace/lpcxpresso_4088_3/lpc_chip_40xx/Debug/liblpc_chip_40xx.a(sysctl_17xx_40xx.o)
                                      0x1592c (size before relaxing)
 .debug_str     0x0000000000020040       0xc3 /Users/patdag/workspace/lpcxpresso_4088_3/lpc_chip_40xx/Debug/liblpc_chip_40xx.a(sysinit_17xx_40xx.o)
                                      0x158a3 (size before relaxing)
 .debug_str     0x0000000000020103      0x3b2 /Users/patdag/workspace/lpcxpresso_4088_3/lpc_chip_40xx/Debug/liblpc_chip_40xx.a(uart_17xx_40xx.o)
                                      0x15e87 (size before relaxing)
 .debug_str     0x00000000000204b5      0x195 /Applications/lpcxpresso_7.4.0_229/lpcxpresso/tools/bin/../lib/gcc/arm-none-eabi/4.8.4/../../../../arm-none-eabi/lib/armv7e-m/libcr_newlib_nohost.a(_cr_sbrk.o)
                                        0x22e (size before relaxing)
 .debug_str     0x000000000002064a       0x1d /Applications/lpcxpresso_7.4.0_229/lpcxpresso/tools/bin/../lib/gcc/arm-none-eabi/4.8.4/../../../../arm-none-eabi/lib/armv7e-m/libcr_newlib_nohost.a(close.o)
                                        0x1d4 (size before relaxing)
 .debug_str     0x0000000000020667       0xe6 /Applications/lpcxpresso_7.4.0_229/lpcxpresso/tools/bin/../lib/gcc/arm-none-eabi/4.8.4/../../../../arm-none-eabi/lib/armv7e-m/libcr_newlib_nohost.a(fstat.o)
                                        0x2c1 (size before relaxing)
 .debug_str     0x000000000002074d       0x1d /Applications/lpcxpresso_7.4.0_229/lpcxpresso/tools/bin/../lib/gcc/arm-none-eabi/4.8.4/../../../../arm-none-eabi/lib/armv7e-m/libcr_newlib_nohost.a(isatty.o)
                                        0x1d4 (size before relaxing)
 .debug_str     0x000000000002076a       0x16 /Applications/lpcxpresso_7.4.0_229/lpcxpresso/tools/bin/../lib/gcc/arm-none-eabi/4.8.4/../../../../arm-none-eabi/lib/armv7e-m/libcr_newlib_nohost.a(lseek.o)
                                        0x1d2 (size before relaxing)
 .debug_str     0x0000000000020780       0x14 /Applications/lpcxpresso_7.4.0_229/lpcxpresso/tools/bin/../lib/gcc/arm-none-eabi/4.8.4/../../../../arm-none-eabi/lib/armv7e-m/libcr_newlib_nohost.a(read.o)
                                        0x1d0 (size before relaxing)
 .debug_str     0x0000000000020794        0xf /Applications/lpcxpresso_7.4.0_229/lpcxpresso/tools/bin/../lib/gcc/arm-none-eabi/4.8.4/../../../../arm-none-eabi/lib/armv7e-m/libcr_newlib_nohost.a(write.o)
                                        0x1d2 (size before relaxing)
 .debug_str     0x00000000000207a3       0x25 /Applications/lpcxpresso_7.4.0_229/lpcxpresso/tools/bin/../lib/gcc/arm-none-eabi/4.8.4/../../../../arm-none-eabi/lib/armv7e-m/libcr_newlib_nohost.a(_cr_check_heap.o)
                                        0x17c (size before relaxing)

.comment        0x0000000000000000       0x70
 .comment       0x0000000000000000       0x70 ./src/LSM303.o
                                         0x71 (size before relaxing)
 .comment       0x0000000000000000       0x71 ./src/cr_startup_lpc407x_8x.o
 .comment       0x0000000000000000       0x71 ./src/crp.o
 .comment       0x0000000000000000       0x71 ./src/main.o
 .comment       0x0000000000000000       0x71 ./src/sysinit.o
 .comment       0x0000000000000000       0x71 /Users/patdag/workspace/lpcxpresso_4088_3/lpc_board_ea_devkit_4088/Debug/liblpc_board_ea_devkit_4088.a(board.o)
 .comment       0x0000000000000000       0x71 /Users/patdag/workspace/lpcxpresso_4088_3/lpc_board_ea_devkit_4088/Debug/liblpc_board_ea_devkit_4088.a(board_sysinit.o)
 .comment       0x0000000000000000       0x71 /Users/patdag/workspace/lpcxpresso_4088_3/lpc_chip_40xx/Debug/liblpc_chip_40xx.a(chip_17xx_40xx.o)